[2026-07-08 11시24분24초	1783477464367]	Mysql..
[2026-07-08 11시24분24초	1783477464367]	2ms

[2026-07-08 11시24분24초	1783477464388]	lineage.conf file loading...
[2026-07-08 11시24분24초	1783477464421]	33ms

[2026-07-08 11시24분24초	1783477464433]	Lineage_Balance..
[2026-07-08 11시24분24초	1783477464444]	11ms

[2026-07-08 11시24분24초	1783477464445]	npc_promotion..
[2026-07-08 11시24분24초	1783477464445]	0ms

[2026-07-08 11시24분24초	1783477464446]	Socket..
[2026-07-08 11시24분24초	1783477464446]	0ms

[2026-07-08 11시24분24초	1783477464446]	Common..
[2026-07-08 11시24분24초	1783477464446]	0ms

[2026-07-08 11시24분24초	1783477464447]	EventThread..
[2026-07-08 11시24분24초	1783477464447]	0ms

[2026-07-08 11시24분24초	1783477464448]	AiExecuteThread..
[2026-07-08 11시24분24초	1783477464448]	0ms

[2026-07-08 11시24분24초	1783477464449]	AiThread..
[2026-07-08 11시24분24초	1783477464449]	0ms

[2026-07-08 11시24분24초	1783477464453]	World..
[2026-07-08 11시24분24초	1783477464680]	227ms

[2026-07-08 11시24분24초	1783477464692]	BookController..
[2026-07-08 11시24분24초	1783477464692]	0ms

[2026-07-08 11시24분24초	1783477464693]	InventoryController..
[2026-07-08 11시24분24초	1783477464693]	0ms

[2026-07-08 11시24분24초	1783477464693]	BasePacketPooling..
[2026-07-08 11시24분24초	1783477464693]	0ms

[2026-07-08 11시24분24초	1783477464696]	SkillController..
[2026-07-08 11시24분24초	1783477464696]	0ms

[2026-07-08 11시24분24초	1783477464701]	DamageController..
[2026-07-08 11시24분24초	1783477464701]	0ms

[2026-07-08 11시24분24초	1783477464703]	CharacterController..
[2026-07-08 11시24분24초	1783477464703]	0ms

[2026-07-08 11시24분24초	1783477464704]	TradeController..
[2026-07-08 11시24분24초	1783477464704]	0ms

[2026-07-08 11시24분24초	1783477464705]	DungeonController..
[2026-07-08 11시24분24초	1783477464705]	0ms

[2026-07-08 11시24분24초	1783477464705]	ShipController..
[2026-07-08 11시24분24초	1783477464706]	1ms

[2026-07-08 11시24분24초	1783477464706]	BuffController..
[2026-07-08 11시24분24초	1783477464706]	0ms

[2026-07-08 11시24분24초	1783477464710]	SummonController..
[2026-07-08 11시24분24초	1783477464711]	0ms

[2026-07-08 11시24분24초	1783477464712]	PartyController..
[2026-07-08 11시24분24초	1783477464712]	0ms

[2026-07-08 11시24분24초	1783477464713]	InnController..
[2026-07-08 11시24분24초	1783477464713]	0ms

[2026-07-08 11시24분24초	1783477464715]	BoardController..
[2026-07-08 11시24분24초	1783477464715]	0ms

[2026-07-08 11시24분24초	1783477464717]	LetterController..
[2026-07-08 11시24분24초	1783477464717]	0ms

[2026-07-08 11시24분24초	1783477464718]	UserShopController..
[2026-07-08 11시24분24초	1783477464718]	0ms

[2026-07-08 11시24분24초	1783477464720]	ChattingController..
[2026-07-08 11시24분24초	1783477464721]	1ms

[2026-07-08 11시24분24초	1783477464723]	ColosseumController..
[2026-07-08 11시24분24초	1783477464723]	0ms

[2026-07-08 11시24분24초	1783477464724]	CraftController..
[2026-07-08 11시24분24초	1783477464724]	0ms

[2026-07-08 11시24분24초	1783477464725]	BossController..
[2026-07-08 11시24분24초	1783477464725]	0ms

[2026-07-08 11시24분24초	1783477464726]	NoticeController..
[2026-07-08 11시24분24초	1783477464726]	0ms

[2026-07-08 11시24분24초	1783477464727]	FriendController..
[2026-07-08 11시24분24초	1783477464727]	0ms

[2026-07-08 11시24분24초	1783477464736]	BugScanningController..
[2026-07-08 11시24분24초	1783477464736]	0ms

[2026-07-08 11시24분24초	1783477464737]	MagicDollController..
[2026-07-08 11시24분24초	1783477464737]	0ms

[2026-07-08 11시24분24초	1783477464738]	ShopController..
[2026-07-08 11시24분24초	1783477464738]	0ms

[2026-07-08 11시24분24초	1783477464739]	WarehouseDatabase..
[2026-07-08 11시24분24초	1783477464739]	0ms

[2026-07-08 11시24분24초	1783477464740]	PakTools..
[2026-07-08 11시24분24초	1783477464743]	3ms

[2026-07-08 11시24분24초	1783477464744]	ScriptController...
[2026-07-08 11시24분24초	1783477464747]	3ms

[2026-07-08 11시24분24초	1783477464747]	GiranClanLordController..
[2026-07-08 11시24분24초	1783477464748]	1ms

[2026-07-08 11시24분24초	1783477464749]	TeamBattleController..
[2026-07-08 11시24분24초	1783477464749]	0ms

[2026-07-08 11시24분24초	1783477464750]	WorldClearController..
[2026-07-08 11시24분24초	1783477464750]	0ms

[2026-07-08 11시24분24초	1783477464751]	SpotController..
[2026-07-08 11시24분24초	1783477464751]	0ms

[2026-07-08 11시24분24초	1783477464752]	테베라스 컨트롤러..
[2026-07-08 11시24분24초	1783477464752]	0ms

[2026-07-08 11시24분24초	1783477464752]	지옥 컨트롤러..
[2026-07-08 11시24분24초	1783477464752]	0ms

[2026-07-08 11시24분24초	1783477464753]	지하수로 컨트롤러..
[2026-07-08 11시24분24초	1783477464753]	0ms

[2026-07-08 11시24분24초	1783477464754]	보물찾기컨트롤러..
[2026-07-08 11시24분24초	1783477464754]	0ms

[2026-07-08 11시24분24초	1783477464754]	마족신전 컨트롤러..
[2026-07-08 11시24분24초	1783477464754]	0ms

[2026-07-08 11시24분24초	1783477464755]	고무 컨트롤러..
[2026-07-08 11시24분24초	1783477464756]	정무던전 컨트롤러..
[2026-07-08 11시24분24초	1783477464759]	3ms

[2026-07-08 11시24분24초	1783477464760]	그신 컨트롤러..
[2026-07-08 11시24분24초	1783477464760]	0ms

[2026-07-08 11시24분24초	1783477464761]	라바던전 컨트롤러..
[2026-07-08 11시24분24초	1783477464761]	0ms

[2026-07-08 11시24분24초	1783477464762]	월드보스컨트롤러..
[2026-07-08 11시24분24초	1783477464762]	1ms

[2026-07-08 11시24분24초	1783477464762]	펭귄 사냥터 컨트롤러..
[2026-07-08 11시24분24초	1783477464762]	0ms

[2026-07-08 11시24분24초	1783477464763]	칠흑던전 컨트롤러..
[2026-07-08 11시24분24초	1783477464764]	칠흑던전3층 컨트롤러..
[2026-07-08 11시24분24초	1783477464764]	0ms

[2026-07-08 11시24분24초	1783477464765]	칠흑던전4층 컨트롤러..
[2026-07-08 11시24분24초	1783477464765]	0ms

[2026-07-08 11시24분24초	1783477464765]	악마왕의영토컨트롤러..
[2026-07-08 11시24분24초	1783477464765]	0ms

[2026-07-08 11시24분24초	1783477464766]	얼던컨트롤러..
[2026-07-08 11시24분24초	1783477464766]	0ms

[2026-07-08 11시24분24초	1783477464767]	오만1층 컨트롤러..
[2026-07-08 11시24분24초	1783477464767]	0ms

[2026-07-08 11시24분24초	1783477464768]	오만1층 컨트롤러..
[2026-07-08 11시24분24초	1783477464768]	0ms

[2026-07-08 11시24분24초	1783477464769]	오만3층 컨트롤러..
[2026-07-08 11시24분24초	1783477464769]	0ms

[2026-07-08 11시24분24초	1783477464769]	오만4층 컨트롤러..
[2026-07-08 11시24분24초	1783477464770]	1ms

[2026-07-08 11시24분24초	1783477464770]	오만5층 컨트롤러..
[2026-07-08 11시24분24초	1783477464770]	0ms

[2026-07-08 11시24분24초	1783477464771]	오만6층 컨트롤러..
[2026-07-08 11시24분24초	1783477464771]	0ms

[2026-07-08 11시24분24초	1783477464772]	오만7층 컨트롤러..
[2026-07-08 11시24분24초	1783477464772]	0ms

[2026-07-08 11시24분24초	1783477464773]	오만8층 컨트롤러..
[2026-07-08 11시24분24초	1783477464773]	0ms

[2026-07-08 11시24분24초	1783477464774]	오만9층 컨트롤러..
[2026-07-08 11시24분24초	1783477464774]	1ms

[2026-07-08 11시24분24초	1783477464774]	오만10층 컨트롤러..
[2026-07-08 11시24분24초	1783477464774]	0ms

[2026-07-08 11시24분24초	1783477464775]	오만정상 컨트롤러..
[2026-07-08 11시24분24초	1783477464775]	0ms

[2026-07-08 11시24분24초	1783477464776]	기감 컨트롤러..
[2026-07-08 11시24분24초	1783477464776]	0ms

[2026-07-08 11시24분24초	1783477464777]	고라스컨트롤러..
[2026-07-08 11시24분24초	1783477464777]	0ms

[2026-07-08 11시24분24초	1783477464778]	드워프컨트롤러..
[2026-07-08 11시24분24초	1783477464778]	0ms

[2026-07-08 11시24분24초	1783477464778]	타임이벤트컨트롤러..
[2026-07-08 11시24분24초	1783477464779]	1ms

[2026-07-08 11시24분24초	1783477464779]	AutoHuntController..
[2026-07-08 11시24분24초	1783477464779]	0ms

[2026-07-08 11시24분24초	1783477464793]	DatabaseConnection..
[2026-07-08 11시24분25초	1783477465074]	281ms

[2026-07-08 11시24분25초	1783477465088]	ServerDatabase..
[2026-07-08 11시24분25초	1783477465116]	28ms

[2026-07-08 11시24분25초	1783477465118]	SlimeRaceController..
[2026-07-08 11시24분25초	1783477465128]	10ms

[2026-07-08 11시24분25초	1783477465130]	DogRaceController..
[2026-07-08 11시24분25초	1783477465131]	1ms

[2026-07-08 11시24분25초	1783477465134]	ClanController..
[2026-07-08 11시24분25초	1783477465139]	5ms

[2026-07-08 11시24분25초	1783477465141]	KingdomController..
[2026-07-08 11시24분25초	1783477465147]	6ms

[2026-07-08 11시24분25초	1783477465148]	AgitController..
[2026-07-08 11시24분25초	1783477465152]	4ms

[2026-07-08 11시24분25초	1783477465154]	AuctionController..
[2026-07-08 11시24분25초	1783477465158]	4ms

[2026-07-08 11시24분25초	1783477465162]	ItemDatabase..
[2026-07-08 11시24분25초	1783477465261]	99ms

[2026-07-08 11시24분25초	1783477465262]	ItemSetopionDatabase..
[2026-07-08 11시24분25초	1783477465263]	1ms

[2026-07-08 11시24분25초	1783477465264]	AutosellDatabase..
[2026-07-08 11시24분25초	1783477465288]	24ms

[2026-07-08 11시24분25초	1783477465289]	ItemSkillDatabase..
[2026-07-08 11시24분25초	1783477465290]	1ms

[2026-07-08 11시24분25초	1783477465291]	ItemBundleDatabase..
[2026-07-08 11시24분25초	1783477465293]	2ms

[2026-07-08 11시24분25초	1783477465294]	ItemChanceBundleDatabase..
[2026-07-08 11시24분25초	1783477465297]	3ms

[2026-07-08 11시24분25초	1783477465298]	FishItemListDatabase..
[2026-07-08 11시24분25초	1783477465300]	2ms

[2026-07-08 11시24분25초	1783477465301]	ItemTeleport..
[2026-07-08 11시24분25초	1783477465311]	10ms

[2026-07-08 11시24분25초	1783477465312]	PolyDatabase..
[2026-07-08 11시24분25초	1783477465314]	2ms

[2026-07-08 11시24분25초	1783477465315]	DungeonDatabase..
[2026-07-08 11시24분25초	1783477465319]	4ms

[2026-07-08 11시24분25초	1783477465320]	DefiniteDatabase..
[2026-07-08 11시24분25초	1783477465321]	1ms

[2026-07-08 11시24분25초	1783477465322]	ExpDatabase..
[2026-07-08 11시24분25초	1783477465323]	1ms

[2026-07-08 11시24분25초	1783477465323]	BackgroundDatabase..
[2026-07-08 11시24분25초	1783477465455]	132ms

[2026-07-08 11시24분25초	1783477465455]	SpriteFrameDatabase..
[2026-07-08 11시24분25초	1783477465509]	53ms

[2026-07-08 11시24분25초	1783477465517]	SkillDatabase..
[2026-07-08 11시24분25초	1783477465519]	2ms

[2026-07-08 11시24분25초	1783477465528]	NpcDatabase..
[2026-07-08 11시24분25초	1783477465535]	7ms

[2026-07-08 11시24분25초	1783477465543]	NpcShopDatabase..
[2026-07-08 11시24분25초	1783477465595]	52ms

[2026-07-08 11시24분25초	1783477465596]	NpcTeleportDatabase..
[2026-07-08 11시24분25초	1783477465597]	1ms

[2026-07-08 11시24분25초	1783477465738]	NpcSpawnlistDatabase..
[2026-07-08 11시24분25초	1783477465783]	45ms

[2026-07-08 11시24분25초	1783477465784]	EventController..
[2026-07-08 11시24분25초	1783477465784]	0ms

[2026-07-08 11시24분25초	1783477465786]	MonsterDatabase..
[2026-07-08 11시24분25초	1783477465803]	17ms

[2026-07-08 11시24분25초	1783477465804]	MonsterDropDatabase..
[2026-07-08 11시24분25초	1783477465832]	28ms

[2026-07-08 11시24분25초	1783477465833]	MonsterSkillDatabase..
[2026-07-08 11시24분25초	1783477465844]	11ms

[2026-07-08 11시24분25초	1783477465846]	MonsterSpawnlistDatabase..
[2026-07-08 11시24분26초	1783477466629]	783ms

[2026-07-08 11시24분26초	1783477466631]	MonsterBossSpawnlistDatabase..
[2026-07-08 11시24분26초	1783477466633]	2ms

[2026-07-08 11시24분26초	1783477466634]	ServerDownBossListDatabase..
[2026-07-08 11시24분26초	1783477466635]	1ms

[2026-07-08 11시24분26초	1783477466636]	BadIpDatabase..
[2026-07-08 11시24분26초	1783477466638]	2ms

[2026-07-08 11시24분26초	1783477466638]	QuestController..
[2026-07-08 11시24분26초	1783477466640]	1ms

[2026-07-08 11시24분26초	1783477466640]	ServerOpcodesDatabase..
[2026-07-08 11시24분26초	1783477466643]	3ms

[2026-07-08 11시24분26초	1783477466645]	ServerNoticeDatabase..
[2026-07-08 11시24분26초	1783477466646]	1ms

[2026-07-08 11시24분26초	1783477466646]	RankController..
[2026-07-08 11시24분26초	1783477466665]	19ms

[2026-07-08 11시24분26초	1783477466667]	WantedController..
[2026-07-08 11시24분26초	1783477466669]	1ms

[2026-07-08 11시24분26초	1783477466669]	TeleportHomeDatabase..
[2026-07-08 11시24분26초	1783477466701]	32ms

[2026-07-08 11시24분26초	1783477466702]	TeleportResetDatabase..
[2026-07-08 11시24분26초	1783477466732]	30ms

[2026-07-08 11시24분26초	1783477466733]	ItemPinewandDatabase..
[2026-07-08 11시24분26초	1783477466734]	1ms

[2026-07-08 11시24분26초	1783477466735]	ItemMaplewandDatabase..
[2026-07-08 11시24분26초	1783477466736]	1ms

[2026-07-08 11시24분26초	1783477466737]	SummonListDatabase..
[2026-07-08 11시24분26초	1783477466738]	1ms

[2026-07-08 11시24분26초	1783477466739]	GmListDatabase..
[2026-07-08 11시24분26초	1783477466740]	1ms

[2026-07-08 11시24분26초	1783477466741]	MagicdollListDatabase..
[2026-07-08 11시24분26초	1783477466743]	2ms

[2026-07-08 11시24분26초	1783477466747]	PcMarketController..
[2026-07-08 11시24분26초	1783477466749]	2ms

[2026-07-08 11시24분26초	1783477466749]	ServerOptionDatabase..
[2026-07-08 11시24분26초	1783477466750]	1ms

[2026-07-08 11시24분26초	1783477466751]	TimeDungeonDatabase..
[2026-07-08 11시24분26초	1783477466751]	0ms

[2026-07-08 11시24분26초	1783477466752]	TeamBattleDatabase..
[2026-07-08 11시24분26초	1783477466753]	1ms

[2026-07-08 11시24분26초	1783477466753]	LifeLostItemDatabase..
[2026-07-08 11시24분26초	1783477466755]	2ms

[2026-07-08 11시24분26초	1783477466755]	GmTeleportDatabase..
[2026-07-08 11시24분26초	1783477466757]	2ms

[2026-07-08 11시24분26초	1783477466759]	무인혈맹컨트롤러..
[2026-07-08 11시24분26초	1783477466761]	2ms

[2026-07-08 11시24분26초	1783477466762]	HackNoCheckDatabase..
[2026-07-08 11시24분26초	1783477466763]	1ms

[2026-07-08 11시24분26초	1783477466764]	EnchantLostItemDatabase..
[2026-07-08 11시24분26초	1783477466769]	5ms

[2026-07-08 11시24분26초	1783477466771]	ItemDropMessageDatabase..
[2026-07-08 11시24분26초	1783477466772]	1ms

[2026-07-08 11시24분26초	1783477466774]	FishingController..
[2026-07-08 11시24분26초	1783477466846]	71ms

[2026-07-08 11시24분26초	1783477466861]	RobotController..
[2026-07-08 11시24분26초	1783477466952]	91ms

[2026-07-08 11시24분26초	1783477466954]	Server..
[2026-07-08 11시24분27초	1783477467025]	71ms

[2026-07-08 11시24분27초	1783477467026]	ServerThread..
[2026-07-08 11시24분27초	1783477467026]	0ms

[2026-07-08 11시24분27초	1783477467027]	ControllerTherad..
[2026-07-08 11시24분27초	1783477467027]	0ms

[2026-07-08 11시24분27초	1783477467028]	CharacterThread..
[2026-07-08 11시24분27초	1783477467028]	0ms

[2026-07-08 11시24분27초	1783477467029]	DatabaseThread..
[2026-07-08 11시24분27초	1783477467030]	1ms

[2026-07-08 11시24분27초	1783477467030]	CharacterControlThread..
[2026-07-08 11시24분27초	1783477467031]	1ms

[2026-07-08 11시24분27초	1783477467074]	FightController..
[2026-07-08 11시24분27초	1783477467102]	28ms

[2026-07-08 11시24분27초	1783477467103]	TimeThread..
[2026-07-08 11시24분27초	1783477467103]	0ms

[2026-07-08 11시24분27초	1783477467104]	AutoHuntThread..
[2026-07-08 11시24분27초	1783477467104]	0ms

[2026-07-08 11시24분27초	1783477467104]	======================================================================
[2026-07-08 11시24분27초	1783477467104]	Server Version  :  Lineage 2.0

[2026-07-08 11시24분27초	1783477467105]	Server Port      :  2000

[2026-07-08 11시24분27초	1783477467105]	계정 자동생성  :  on

[2026-07-08 11시24분27초	1783477467105]	인챈트 : 1.0배  ||  드랍 : 1.0배  ||  경험치 : 30.0배  ||  아데나 : 1.0배  ||  파티 : 1.1배

[2026-07-08 11시24분27초	1783477467105]	======================================================================
[2026-07-08 11시24분27초	1783477467105]	'서버' 가동되었습니다.

[2026-07-08 11시25분27초	1783477527371]	자동 저장완료 2026-07-08 11시25분27초
[2026-07-08 11시26분27초	1783477587569]	자동 저장완료 2026-07-08 11시26분27초
[2026-07-08 11시26분27초	1783477587808]	_robot 테이블 리로드 완료 - 
[2026-07-08 11시26분27초	1783477587829]	21ms

[2026-07-08 11시27분27초	1783477647769]	자동 저장완료 2026-07-08 11시27분27초
[2026-07-08 11시28분27초	1783477707959]	자동 저장완료 2026-07-08 11시28분27초
[2026-07-08 11시29분28초	1783477768169]	자동 저장완료 2026-07-08 11시29분28초
[2026-07-08 11시30분28초	1783477828350]	자동 저장완료 2026-07-08 11시30분28초
[2026-07-08 11시31분28초	1783477888545]	자동 저장완료 2026-07-08 11시31분28초
[2026-07-08 11시31분55초	1783477915602]	npc 테이블 리로드 - 
[2026-07-08 11시31분55초	1783477915618]	16ms

[2026-07-08 11시31분55초	1783477915619]	npc_shop 테이블 리로드 완료 - 
[2026-07-08 11시31분55초	1783477915663]	44ms

[2026-07-08 11시31분55초	1783477915788]	npc_promotion reload..
[2026-07-08 11시31분55초	1783477915788]	0ms

[2026-07-08 11시32분28초	1783477948732]	자동 저장완료 2026-07-08 11시32분28초
[2026-07-08 11시33분28초	1783478008914]	자동 저장완료 2026-07-08 11시33분28초
[2026-07-08 11시34분29초	1783478069228]	자동 저장완료 2026-07-08 11시34분29초
[2026-07-08 11시35분29초	1783478129490]	자동 저장완료 2026-07-08 11시35분29초
[2026-07-08 11시36분29초	1783478189689]	자동 저장완료 2026-07-08 11시36분29초
[2026-07-08 11시37분29초	1783478249893]	자동 저장완료 2026-07-08 11시37분29초
[2026-07-08 11시38분30초	1783478310083]	자동 저장완료 2026-07-08 11시38분30초
[2026-07-08 11시39분30초	1783478370297]	자동 저장완료 2026-07-08 11시39분30초
[2026-07-08 11시40분30초	1783478430500]	자동 저장완료 2026-07-08 11시40분30초
[2026-07-08 11시41분30초	1783478490709]	자동 저장완료 2026-07-08 11시41분30초
[2026-07-08 11시42분30초	1783478550903]	자동 저장완료 2026-07-08 11시42분30초
[2026-07-08 11시43분31초	1783478611100]	자동 저장완료 2026-07-08 11시43분31초
[2026-07-08 11시44분31초	1783478671312]	자동 저장완료 2026-07-08 11시44분31초
[2026-07-08 11시45분31초	1783478731534]	자동 저장완료 2026-07-08 11시45분31초
[2026-07-08 11시46분31초	1783478791746]	자동 저장완료 2026-07-08 11시46분31초
[2026-07-08 11시47분31초	1783478851940]	자동 저장완료 2026-07-08 11시47분31초
[2026-07-08 11시48분32초	1783478912172]	자동 저장완료 2026-07-08 11시48분32초
[2026-07-08 11시49분32초	1783478972404]	자동 저장완료 2026-07-08 11시49분32초
[2026-07-08 11시50분32초	1783479032589]	자동 저장완료 2026-07-08 11시50분32초
[2026-07-08 11시51분02초	1783479062657]	npc 테이블 리로드 - 
[2026-07-08 11시51분02초	1783479062680]	23ms

[2026-07-08 11시51분02초	1783479062680]	npc_shop 테이블 리로드 완료 - 
[2026-07-08 11시51분02초	1783479062728]	48ms

[2026-07-08 11시51분02초	1783479062843]	npc_promotion reload..
[2026-07-08 11시51분02초	1783479062843]	0ms

[2026-07-08 11시51분32초	1783479092792]	자동 저장완료 2026-07-08 11시51분32초
[2026-07-08 11시52분32초	1783479152976]	자동 저장완료 2026-07-08 11시52분32초
[2026-07-08 11시53분33초	1783479213161]	자동 저장완료 2026-07-08 11시53분33초
[2026-07-08 11시54분33초	1783479273353]	자동 저장완료 2026-07-08 11시54분33초
[2026-07-08 11시55분33초	1783479333564]	자동 저장완료 2026-07-08 11시55분33초
[2026-07-08 11시56분33초	1783479393751]	자동 저장완료 2026-07-08 11시56분33초
[2026-07-08 11시57분33초	1783479453959]	자동 저장완료 2026-07-08 11시57분33초
[2026-07-08 11시58분34초	1783479514180]	자동 저장완료 2026-07-08 11시58분34초
[2026-07-08 11시59분34초	1783479574410]	자동 저장완료 2026-07-08 11시59분34초
[2026-07-08 12시00분34초	1783479634605]	자동 저장완료 2026-07-08 12시00분34초
[2026-07-08 12시01분34초	1783479694845]	자동 저장완료 2026-07-08 12시01분34초
[2026-07-08 12시02분35초	1783479755030]	자동 저장완료 2026-07-08 12시02분35초
[2026-07-08 12시03분35초	1783479815225]	자동 저장완료 2026-07-08 12시03분35초
[2026-07-08 12시04분35초	1783479875446]	자동 저장완료 2026-07-08 12시04분35초
[2026-07-08 12시05분35초	1783479935659]	자동 저장완료 2026-07-08 12시05분35초
[2026-07-08 12시06분02초	1783479962899]	서버가 즉시 종료됩니다...
[2026-07-08 12시06분03초	1783479963899]	Thread close..
[2026-07-08 12시06분04초	1783479964899]	Save Database..
[2026-07-08 12시06분05초	1783479965496]	Socket close..
[2026-07-08 12시06분05초	1783479965496]	LineageServer Close...
[2026-07-08 12시06분05초	1783479965496]	0ms

[2026-07-08 12시06분05초	1783479965496]	ok..
