[2026-03-25 21시29분01초	1774441741355]	Mysql..
[2026-03-25 21시29분01초	1774441741355]	2ms

[2026-03-25 21시29분01초	1774441741374]	lineage.conf file loading...
[2026-03-25 21시29분01초	1774441741405]	31ms

[2026-03-25 21시29분01초	1774441741412]	Lineage_Balance..
[2026-03-25 21시29분01초	1774441741419]	7ms

[2026-03-25 21시29분01초	1774441741420]	npc_promotion..
[2026-03-25 21시29분01초	1774441741420]	0ms

[2026-03-25 21시29분01초	1774441741421]	Socket..
[2026-03-25 21시29분01초	1774441741421]	0ms

[2026-03-25 21시29분01초	1774441741422]	Common..
[2026-03-25 21시29분01초	1774441741422]	0ms

[2026-03-25 21시29분01초	1774441741423]	EventThread..
[2026-03-25 21시29분01초	1774441741423]	0ms

[2026-03-25 21시29분01초	1774441741424]	AiExecuteThread..
[2026-03-25 21시29분01초	1774441741424]	0ms

[2026-03-25 21시29분01초	1774441741425]	AiThread..
[2026-03-25 21시29분01초	1774441741425]	0ms

[2026-03-25 21시29분01초	1774441741429]	World..
[2026-03-25 21시29분01초	1774441741521]	92ms

[2026-03-25 21시29분01초	1774441741523]	BookController..
[2026-03-25 21시29분01초	1774441741523]	0ms

[2026-03-25 21시29분01초	1774441741523]	InventoryController..
[2026-03-25 21시29분01초	1774441741523]	0ms

[2026-03-25 21시29분01초	1774441741524]	BasePacketPooling..
[2026-03-25 21시29분01초	1774441741524]	0ms

[2026-03-25 21시29분01초	1774441741526]	SkillController..
[2026-03-25 21시29분01초	1774441741526]	0ms

[2026-03-25 21시29분01초	1774441741532]	DamageController..
[2026-03-25 21시29분01초	1774441741532]	0ms

[2026-03-25 21시29분01초	1774441741541]	CharacterController..
[2026-03-25 21시29분01초	1774441741541]	0ms

[2026-03-25 21시29분01초	1774441741542]	TradeController..
[2026-03-25 21시29분01초	1774441741542]	0ms

[2026-03-25 21시29분01초	1774441741542]	DungeonController..
[2026-03-25 21시29분01초	1774441741542]	0ms

[2026-03-25 21시29분01초	1774441741543]	ShipController..
[2026-03-25 21시29분01초	1774441741543]	0ms

[2026-03-25 21시29분01초	1774441741544]	BuffController..
[2026-03-25 21시29분01초	1774441741544]	0ms

[2026-03-25 21시29분01초	1774441741548]	SummonController..
[2026-03-25 21시29분01초	1774441741548]	0ms

[2026-03-25 21시29분01초	1774441741549]	PartyController..
[2026-03-25 21시29분01초	1774441741549]	0ms

[2026-03-25 21시29분01초	1774441741550]	InnController..
[2026-03-25 21시29분01초	1774441741550]	0ms

[2026-03-25 21시29분01초	1774441741551]	BoardController..
[2026-03-25 21시29분01초	1774441741551]	0ms

[2026-03-25 21시29분01초	1774441741553]	LetterController..
[2026-03-25 21시29분01초	1774441741553]	0ms

[2026-03-25 21시29분01초	1774441741554]	UserShopController..
[2026-03-25 21시29분01초	1774441741554]	0ms

[2026-03-25 21시29분01초	1774441741555]	ChattingController..
[2026-03-25 21시29분01초	1774441741556]	1ms

[2026-03-25 21시29분01초	1774441741558]	ColosseumController..
[2026-03-25 21시29분01초	1774441741558]	0ms

[2026-03-25 21시29분01초	1774441741559]	CraftController..
[2026-03-25 21시29분01초	1774441741559]	0ms

[2026-03-25 21시29분01초	1774441741560]	BossController..
[2026-03-25 21시29분01초	1774441741561]	1ms

[2026-03-25 21시29분01초	1774441741562]	NoticeController..
[2026-03-25 21시29분01초	1774441741562]	0ms

[2026-03-25 21시29분01초	1774441741563]	FriendController..
[2026-03-25 21시29분01초	1774441741563]	0ms

[2026-03-25 21시29분01초	1774441741564]	BugScanningController..
[2026-03-25 21시29분01초	1774441741564]	0ms

[2026-03-25 21시29분01초	1774441741565]	MagicDollController..
[2026-03-25 21시29분01초	1774441741565]	0ms

[2026-03-25 21시29분01초	1774441741566]	ShopController..
[2026-03-25 21시29분01초	1774441741566]	0ms

[2026-03-25 21시29분01초	1774441741567]	WarehouseDatabase..
[2026-03-25 21시29분01초	1774441741567]	0ms

[2026-03-25 21시29분01초	1774441741576]	PakTools..
[2026-03-25 21시29분01초	1774441741577]	1ms

[2026-03-25 21시29분01초	1774441741585]	ScriptController...
[2026-03-25 21시29분01초	1774441741588]	3ms

[2026-03-25 21시29분01초	1774441741589]	GiranClanLordController..
[2026-03-25 21시29분01초	1774441741589]	0ms

[2026-03-25 21시29분01초	1774441741590]	TeamBattleController..
[2026-03-25 21시29분01초	1774441741590]	0ms

[2026-03-25 21시29분01초	1774441741591]	WorldClearController..
[2026-03-25 21시29분01초	1774441741591]	0ms

[2026-03-25 21시29분01초	1774441741592]	SpotController..
[2026-03-25 21시29분01초	1774441741592]	0ms

[2026-03-25 21시29분01초	1774441741592]	테베라스 컨트롤러..
[2026-03-25 21시29분01초	1774441741592]	0ms

[2026-03-25 21시29분01초	1774441741593]	지옥 컨트롤러..
[2026-03-25 21시29분01초	1774441741593]	0ms

[2026-03-25 21시29분01초	1774441741594]	지하수로 컨트롤러..
[2026-03-25 21시29분01초	1774441741594]	0ms

[2026-03-25 21시29분01초	1774441741594]	보물찾기컨트롤러..
[2026-03-25 21시29분01초	1774441741594]	0ms

[2026-03-25 21시29분01초	1774441741595]	마족신전 컨트롤러..
[2026-03-25 21시29분01초	1774441741595]	0ms

[2026-03-25 21시29분01초	1774441741596]	고무 컨트롤러..
[2026-03-25 21시29분01초	1774441741596]	정무던전 컨트롤러..
[2026-03-25 21시29분01초	1774441741600]	4ms

[2026-03-25 21시29분01초	1774441741601]	그신 컨트롤러..
[2026-03-25 21시29분01초	1774441741601]	0ms

[2026-03-25 21시29분01초	1774441741602]	라바던전 컨트롤러..
[2026-03-25 21시29분01초	1774441741602]	0ms

[2026-03-25 21시29분01초	1774441741602]	월드보스컨트롤러..
[2026-03-25 21시29분01초	1774441741603]	1ms

[2026-03-25 21시29분01초	1774441741603]	펭귄 사냥터 컨트롤러..
[2026-03-25 21시29분01초	1774441741603]	0ms

[2026-03-25 21시29분01초	1774441741604]	칠흑던전 컨트롤러..
[2026-03-25 21시29분01초	1774441741604]	칠흑던전3층 컨트롤러..
[2026-03-25 21시29분01초	1774441741604]	0ms

[2026-03-25 21시29분01초	1774441741605]	칠흑던전4층 컨트롤러..
[2026-03-25 21시29분01초	1774441741605]	0ms

[2026-03-25 21시29분01초	1774441741606]	악마왕의영토컨트롤러..
[2026-03-25 21시29분01초	1774441741606]	0ms

[2026-03-25 21시29분01초	1774441741606]	얼던컨트롤러..
[2026-03-25 21시29분01초	1774441741607]	1ms

[2026-03-25 21시29분01초	1774441741607]	오만1층 컨트롤러..
[2026-03-25 21시29분01초	1774441741607]	0ms

[2026-03-25 21시29분01초	1774441741608]	오만1층 컨트롤러..
[2026-03-25 21시29분01초	1774441741608]	0ms

[2026-03-25 21시29분01초	1774441741609]	오만3층 컨트롤러..
[2026-03-25 21시29분01초	1774441741609]	0ms

[2026-03-25 21시29분01초	1774441741610]	오만4층 컨트롤러..
[2026-03-25 21시29분01초	1774441741610]	0ms

[2026-03-25 21시29분01초	1774441741611]	오만5층 컨트롤러..
[2026-03-25 21시29분01초	1774441741611]	0ms

[2026-03-25 21시29분01초	1774441741612]	오만6층 컨트롤러..
[2026-03-25 21시29분01초	1774441741612]	0ms

[2026-03-25 21시29분01초	1774441741612]	오만7층 컨트롤러..
[2026-03-25 21시29분01초	1774441741613]	1ms

[2026-03-25 21시29분01초	1774441741613]	오만8층 컨트롤러..
[2026-03-25 21시29분01초	1774441741613]	0ms

[2026-03-25 21시29분01초	1774441741614]	오만9층 컨트롤러..
[2026-03-25 21시29분01초	1774441741614]	0ms

[2026-03-25 21시29분01초	1774441741615]	오만10층 컨트롤러..
[2026-03-25 21시29분01초	1774441741615]	0ms

[2026-03-25 21시29분01초	1774441741616]	오만정상 컨트롤러..
[2026-03-25 21시29분01초	1774441741616]	0ms

[2026-03-25 21시29분01초	1774441741616]	기감 컨트롤러..
[2026-03-25 21시29분01초	1774441741616]	0ms

[2026-03-25 21시29분01초	1774441741617]	고라스컨트롤러..
[2026-03-25 21시29분01초	1774441741617]	0ms

[2026-03-25 21시29분01초	1774441741618]	드워프컨트롤러..
[2026-03-25 21시29분01초	1774441741618]	0ms

[2026-03-25 21시29분01초	1774441741619]	타임이벤트컨트롤러..
[2026-03-25 21시29분01초	1774441741619]	0ms

[2026-03-25 21시29분01초	1774441741620]	AutoHuntController..
[2026-03-25 21시29분01초	1774441741620]	0ms

[2026-03-25 21시29분01초	1774441741635]	DatabaseConnection..
[2026-03-25 21시29분01초	1774441741930]	295ms

[2026-03-25 21시29분01초	1774441741951]	ServerDatabase..
[2026-03-25 21시29분01초	1774441741988]	37ms

[2026-03-25 21시29분01초	1774441741991]	SlimeRaceController..
[2026-03-25 21시29분01초	1774441741994]	3ms

[2026-03-25 21시29분01초	1774441741996]	DogRaceController..
[2026-03-25 21시29분01초	1774441741998]	1ms

[2026-03-25 21시29분02초	1774441742001]	ClanController..
[2026-03-25 21시29분02초	1774441742006]	5ms

[2026-03-25 21시29분02초	1774441742009]	KingdomController..
[2026-03-25 21시29분02초	1774441742014]	5ms

[2026-03-25 21시29분02초	1774441742015]	AgitController..
[2026-03-25 21시29분02초	1774441742019]	4ms

[2026-03-25 21시29분02초	1774441742021]	AuctionController..
[2026-03-25 21시29분02초	1774441742025]	4ms

[2026-03-25 21시29분02초	1774441742030]	ItemDatabase..
[2026-03-25 21시29분02초	1774441742125]	95ms

[2026-03-25 21시29분02초	1774441742126]	ItemSetopionDatabase..
[2026-03-25 21시29분02초	1774441742128]	2ms

[2026-03-25 21시29분02초	1774441742129]	AutosellDatabase..
[2026-03-25 21시29분02초	1774441742151]	22ms

[2026-03-25 21시29분02초	1774441742151]	ItemSkillDatabase..
[2026-03-25 21시29분02초	1774441742153]	2ms

[2026-03-25 21시29분02초	1774441742154]	ItemBundleDatabase..
[2026-03-25 21시29분02초	1774441742156]	2ms

[2026-03-25 21시29분02초	1774441742157]	ItemChanceBundleDatabase..
[2026-03-25 21시29분02초	1774441742160]	3ms

[2026-03-25 21시29분02초	1774441742161]	FishItemListDatabase..
[2026-03-25 21시29분02초	1774441742162]	1ms

[2026-03-25 21시29분02초	1774441742164]	ItemTeleport..
[2026-03-25 21시29분02초	1774441742166]	2ms

[2026-03-25 21시29분02초	1774441742167]	PolyDatabase..
[2026-03-25 21시29분02초	1774441742170]	3ms

[2026-03-25 21시29분02초	1774441742171]	DungeonDatabase..
[2026-03-25 21시29분02초	1774441742182]	11ms

[2026-03-25 21시29분02초	1774441742182]	DefiniteDatabase..
[2026-03-25 21시29분02초	1774441742184]	2ms

[2026-03-25 21시29분02초	1774441742185]	ExpDatabase..
[2026-03-25 21시29분02초	1774441742186]	1ms

[2026-03-25 21시29분02초	1774441742186]	BackgroundDatabase..
[2026-03-25 21시29분02초	1774441742321]	135ms

[2026-03-25 21시29분02초	1774441742321]	SpriteFrameDatabase..
[2026-03-25 21시29분02초	1774441742383]	62ms

[2026-03-25 21시29분02초	1774441742390]	SkillDatabase..
[2026-03-25 21시29분02초	1774441742399]	9ms

[2026-03-25 21시29분02초	1774441742400]	NpcDatabase..
[2026-03-25 21시29분02초	1774441742407]	7ms

[2026-03-25 21시29분02초	1774441742411]	NpcShopDatabase..
[2026-03-25 21시29분02초	1774441742474]	63ms

[2026-03-25 21시29분02초	1774441742475]	NpcTeleportDatabase..
[2026-03-25 21시29분02초	1774441742476]	1ms

[2026-03-25 21시29분02초	1774441742622]	NpcSpawnlistDatabase..
[2026-03-25 21시29분02초	1774441742672]	50ms

[2026-03-25 21시29분02초	1774441742673]	EventController..
[2026-03-25 21시29분02초	1774441742673]	0ms

[2026-03-25 21시29분02초	1774441742675]	MonsterDatabase..
[2026-03-25 21시29분02초	1774441742690]	15ms

[2026-03-25 21시29분02초	1774441742691]	MonsterDropDatabase..
[2026-03-25 21시29분02초	1774441742718]	27ms

[2026-03-25 21시29분02초	1774441742719]	MonsterSkillDatabase..
[2026-03-25 21시29분02초	1774441742734]	15ms

[2026-03-25 21시29분02초	1774441742736]	MonsterSpawnlistDatabase..
[2026-03-25 21시29분03초	1774441743940]	1204ms

[2026-03-25 21시29분03초	1774441743941]	MonsterBossSpawnlistDatabase..
[2026-03-25 21시29분03초	1774441743944]	3ms

[2026-03-25 21시29분03초	1774441743944]	ServerDownBossListDatabase..
[2026-03-25 21시29분03초	1774441743945]	1ms

[2026-03-25 21시29분03초	1774441743946]	BadIpDatabase..
[2026-03-25 21시29분03초	1774441743947]	1ms

[2026-03-25 21시29분03초	1774441743947]	QuestController..
[2026-03-25 21시29분03초	1774441743948]	1ms

[2026-03-25 21시29분03초	1774441743949]	ServerOpcodesDatabase..
[2026-03-25 21시29분03초	1774441743952]	3ms

[2026-03-25 21시29분03초	1774441743953]	ServerNoticeDatabase..
[2026-03-25 21시29분03초	1774441743954]	1ms

[2026-03-25 21시29분03초	1774441743956]	RankController..
[2026-03-25 21시29분03초	1774441743984]	28ms

[2026-03-25 21시29분03초	1774441743985]	WantedController..
[2026-03-25 21시29분03초	1774441743990]	5ms

[2026-03-25 21시29분03초	1774441743990]	TeleportHomeDatabase..
[2026-03-25 21시29분04초	1774441744020]	30ms

[2026-03-25 21시29분04초	1774441744021]	TeleportResetDatabase..
[2026-03-25 21시29분04초	1774441744049]	28ms

[2026-03-25 21시29분04초	1774441744050]	ItemPinewandDatabase..
[2026-03-25 21시29분04초	1774441744051]	1ms

[2026-03-25 21시29분04초	1774441744051]	ItemMaplewandDatabase..
[2026-03-25 21시29분04초	1774441744052]	1ms

[2026-03-25 21시29분04초	1774441744053]	SummonListDatabase..
[2026-03-25 21시29분04초	1774441744054]	1ms

[2026-03-25 21시29분04초	1774441744054]	GmListDatabase..
[2026-03-25 21시29분04초	1774441744055]	1ms

[2026-03-25 21시29분04초	1774441744056]	MagicdollListDatabase..
[2026-03-25 21시29분04초	1774441744057]	1ms

[2026-03-25 21시29분04초	1774441744060]	PcMarketController..
[2026-03-25 21시29분04초	1774441744061]	1ms

[2026-03-25 21시29분04초	1774441744061]	ServerOptionDatabase..
[2026-03-25 21시29분04초	1774441744062]	1ms

[2026-03-25 21시29분04초	1774441744063]	TimeDungeonDatabase..
[2026-03-25 21시29분04초	1774441744063]	0ms

[2026-03-25 21시29분04초	1774441744064]	TeamBattleDatabase..
[2026-03-25 21시29분04초	1774441744065]	1ms

[2026-03-25 21시29분04초	1774441744065]	LifeLostItemDatabase..
[2026-03-25 21시29분04초	1774441744066]	1ms

[2026-03-25 21시29분04초	1774441744067]	GmTeleportDatabase..
[2026-03-25 21시29분04초	1774441744068]	1ms

[2026-03-25 21시29분04초	1774441744070]	무인혈맹컨트롤러..
[2026-03-25 21시29분04초	1774441744070]	0ms

[2026-03-25 21시29분04초	1774441744071]	HackNoCheckDatabase..
[2026-03-25 21시29분04초	1774441744072]	1ms

[2026-03-25 21시29분04초	1774441744073]	EnchantLostItemDatabase..
[2026-03-25 21시29분04초	1774441744083]	10ms

[2026-03-25 21시29분04초	1774441744085]	ItemDropMessageDatabase..
[2026-03-25 21시29분04초	1774441744086]	1ms

[2026-03-25 21시29분04초	1774441744087]	FishingController..
[2026-03-25 21시29분04초	1774441744099]	12ms

[2026-03-25 21시29분04초	1774441744111]	RobotController..
[2026-03-25 21시29분04초	1774441744134]	23ms

[2026-03-25 21시29분04초	1774441744136]	Server..
[2026-03-25 21시29분04초	1774441744219]	83ms

[2026-03-25 21시29분04초	1774441744220]	ServerThread..
[2026-03-25 21시29분04초	1774441744220]	0ms

[2026-03-25 21시29분04초	1774441744222]	ControllerTherad..
[2026-03-25 21시29분04초	1774441744222]	0ms

[2026-03-25 21시29분04초	1774441744223]	CharacterThread..
[2026-03-25 21시29분04초	1774441744223]	0ms

[2026-03-25 21시29분04초	1774441744226]	DatabaseThread..
[2026-03-25 21시29분04초	1774441744226]	0ms

[2026-03-25 21시29분04초	1774441744266]	CharacterControlThread..
[2026-03-25 21시29분04초	1774441744267]	1ms

[2026-03-25 21시29분04초	1774441744270]	FightController..
[2026-03-25 21시29분04초	1774441744285]	15ms

[2026-03-25 21시29분04초	1774441744286]	TimeThread..
[2026-03-25 21시29분04초	1774441744286]	0ms

[2026-03-25 21시29분04초	1774441744287]	AutoHuntThread..
[2026-03-25 21시29분04초	1774441744287]	0ms

[2026-03-25 21시29분04초	1774441744287]	======================================================================
[2026-03-25 21시29분04초	1774441744288]	Server Version  :  Lineage 2.0

[2026-03-25 21시29분04초	1774441744288]	Server Port      :  2000

[2026-03-25 21시29분04초	1774441744288]	계정 자동생성  :  on

[2026-03-25 21시29분04초	1774441744288]	인챈트 : 1.0배  ||  드랍 : 7.0배  ||  경험치 : 50.0배  ||  아데나 : 40.0배  ||  파티 : 1.1배

[2026-03-25 21시29분04초	1774441744288]	======================================================================
[2026-03-25 21시29분04초	1774441744288]	'서버' 가동되었습니다.

[2026-03-25 21시30분09초	1774441809775]	item 테이블 리로드 완료 - 
[2026-03-25 21시30분09초	1774441809843]	68ms

[2026-03-25 21시32분04초	1774441924884]	자동 저장완료 2026-03-25 21시32분04초
[2026-03-25 21시33분56초	1774442036432]	서버가 즉시 종료됩니다...
[2026-03-25 21시33분57초	1774442037433]	Thread close..
[2026-03-25 21시33분58초	1774442038433]	Save Database..
[2026-03-25 21시33분59초	1774442039014]	Socket close..
[2026-03-25 21시33분59초	1774442039014]	LineageServer Close...
[2026-03-25 21시33분59초	1774442039014]	0ms

[2026-03-25 21시33분59초	1774442039014]	ok..
