[2026-06-10 22시30분10초	1781098210049]	Mysql..
[2026-06-10 22시30분10초	1781098210049]	3ms

[2026-06-10 22시30분10초	1781098210069]	lineage.conf file loading...
[2026-06-10 22시30분10초	1781098210103]	34ms

[2026-06-10 22시30분10초	1781098210113]	Lineage_Balance..
[2026-06-10 22시30분10초	1781098210122]	9ms

[2026-06-10 22시30분10초	1781098210123]	npc_promotion..
[2026-06-10 22시30분10초	1781098210123]	0ms

[2026-06-10 22시30분10초	1781098210124]	Socket..
[2026-06-10 22시30분10초	1781098210125]	1ms

[2026-06-10 22시30분10초	1781098210125]	Common..
[2026-06-10 22시30분10초	1781098210125]	0ms

[2026-06-10 22시30분10초	1781098210125]	EventThread..
[2026-06-10 22시30분10초	1781098210126]	1ms

[2026-06-10 22시30분10초	1781098210126]	AiExecuteThread..
[2026-06-10 22시30분10초	1781098210127]	1ms

[2026-06-10 22시30분10초	1781098210127]	AiThread..
[2026-06-10 22시30분10초	1781098210127]	0ms

[2026-06-10 22시30분10초	1781098210131]	World..
[2026-06-10 22시30분10초	1781098210422]	291ms

[2026-06-10 22시30분10초	1781098210432]	BookController..
[2026-06-10 22시30분10초	1781098210432]	0ms

[2026-06-10 22시30분10초	1781098210433]	InventoryController..
[2026-06-10 22시30분10초	1781098210433]	0ms

[2026-06-10 22시30분10초	1781098210433]	BasePacketPooling..
[2026-06-10 22시30분10초	1781098210433]	0ms

[2026-06-10 22시30분10초	1781098210435]	SkillController..
[2026-06-10 22시30분10초	1781098210435]	0ms

[2026-06-10 22시30분10초	1781098210441]	DamageController..
[2026-06-10 22시30분10초	1781098210441]	0ms

[2026-06-10 22시30분10초	1781098210443]	CharacterController..
[2026-06-10 22시30분10초	1781098210443]	0ms

[2026-06-10 22시30분10초	1781098210443]	TradeController..
[2026-06-10 22시30분10초	1781098210443]	0ms

[2026-06-10 22시30분10초	1781098210444]	DungeonController..
[2026-06-10 22시30분10초	1781098210444]	0ms

[2026-06-10 22시30분10초	1781098210444]	ShipController..
[2026-06-10 22시30분10초	1781098210444]	0ms

[2026-06-10 22시30분10초	1781098210445]	BuffController..
[2026-06-10 22시30분10초	1781098210445]	0ms

[2026-06-10 22시30분10초	1781098210448]	SummonController..
[2026-06-10 22시30분10초	1781098210448]	0ms

[2026-06-10 22시30분10초	1781098210449]	PartyController..
[2026-06-10 22시30분10초	1781098210449]	0ms

[2026-06-10 22시30분10초	1781098210450]	InnController..
[2026-06-10 22시30분10초	1781098210450]	0ms

[2026-06-10 22시30분10초	1781098210451]	BoardController..
[2026-06-10 22시30분10초	1781098210451]	0ms

[2026-06-10 22시30분10초	1781098210452]	LetterController..
[2026-06-10 22시30분10초	1781098210453]	1ms

[2026-06-10 22시30분10초	1781098210453]	UserShopController..
[2026-06-10 22시30분10초	1781098210453]	0ms

[2026-06-10 22시30분10초	1781098210454]	ChattingController..
[2026-06-10 22시30분10초	1781098210456]	2ms

[2026-06-10 22시30분10초	1781098210457]	ColosseumController..
[2026-06-10 22시30분10초	1781098210457]	0ms

[2026-06-10 22시30분10초	1781098210458]	CraftController..
[2026-06-10 22시30분10초	1781098210458]	0ms

[2026-06-10 22시30분10초	1781098210459]	BossController..
[2026-06-10 22시30분10초	1781098210459]	0ms

[2026-06-10 22시30분10초	1781098210468]	NoticeController..
[2026-06-10 22시30분10초	1781098210469]	1ms

[2026-06-10 22시30분10초	1781098210470]	FriendController..
[2026-06-10 22시30분10초	1781098210470]	0ms

[2026-06-10 22시30분10초	1781098210470]	BugScanningController..
[2026-06-10 22시30분10초	1781098210470]	0ms

[2026-06-10 22시30분10초	1781098210472]	MagicDollController..
[2026-06-10 22시30분10초	1781098210472]	0ms

[2026-06-10 22시30분10초	1781098210472]	ShopController..
[2026-06-10 22시30분10초	1781098210472]	0ms

[2026-06-10 22시30분10초	1781098210473]	WarehouseDatabase..
[2026-06-10 22시30분10초	1781098210473]	0ms

[2026-06-10 22시30분10초	1781098210474]	PakTools..
[2026-06-10 22시30분10초	1781098210477]	3ms

[2026-06-10 22시30분10초	1781098210477]	ScriptController...
[2026-06-10 22시30분10초	1781098210480]	3ms

[2026-06-10 22시30분10초	1781098210481]	GiranClanLordController..
[2026-06-10 22시30분10초	1781098210481]	0ms

[2026-06-10 22시30분10초	1781098210482]	TeamBattleController..
[2026-06-10 22시30분10초	1781098210482]	0ms

[2026-06-10 22시30분10초	1781098210483]	WorldClearController..
[2026-06-10 22시30분10초	1781098210483]	0ms

[2026-06-10 22시30분10초	1781098210483]	SpotController..
[2026-06-10 22시30분10초	1781098210483]	0ms

[2026-06-10 22시30분10초	1781098210487]	테베라스 컨트롤러..
[2026-06-10 22시30분10초	1781098210487]	0ms

[2026-06-10 22시30분10초	1781098210487]	지옥 컨트롤러..
[2026-06-10 22시30분10초	1781098210487]	0ms

[2026-06-10 22시30분10초	1781098210488]	지하수로 컨트롤러..
[2026-06-10 22시30분10초	1781098210488]	0ms

[2026-06-10 22시30분10초	1781098210489]	보물찾기컨트롤러..
[2026-06-10 22시30분10초	1781098210489]	0ms

[2026-06-10 22시30분10초	1781098210490]	마족신전 컨트롤러..
[2026-06-10 22시30분10초	1781098210490]	0ms

[2026-06-10 22시30분10초	1781098210491]	고무 컨트롤러..
[2026-06-10 22시30분10초	1781098210491]	정무던전 컨트롤러..
[2026-06-10 22시30분10초	1781098210495]	4ms

[2026-06-10 22시30분10초	1781098210495]	그신 컨트롤러..
[2026-06-10 22시30분10초	1781098210495]	0ms

[2026-06-10 22시30분10초	1781098210496]	라바던전 컨트롤러..
[2026-06-10 22시30분10초	1781098210496]	0ms

[2026-06-10 22시30분10초	1781098210497]	월드보스컨트롤러..
[2026-06-10 22시30분10초	1781098210497]	0ms

[2026-06-10 22시30분10초	1781098210497]	펭귄 사냥터 컨트롤러..
[2026-06-10 22시30분10초	1781098210497]	0ms

[2026-06-10 22시30분10초	1781098210498]	칠흑던전 컨트롤러..
[2026-06-10 22시30분10초	1781098210498]	칠흑던전3층 컨트롤러..
[2026-06-10 22시30분10초	1781098210499]	1ms

[2026-06-10 22시30분10초	1781098210499]	칠흑던전4층 컨트롤러..
[2026-06-10 22시30분10초	1781098210499]	0ms

[2026-06-10 22시30분10초	1781098210500]	악마왕의영토컨트롤러..
[2026-06-10 22시30분10초	1781098210500]	0ms

[2026-06-10 22시30분10초	1781098210501]	얼던컨트롤러..
[2026-06-10 22시30분10초	1781098210501]	0ms

[2026-06-10 22시30분10초	1781098210501]	오만1층 컨트롤러..
[2026-06-10 22시30분10초	1781098210501]	0ms

[2026-06-10 22시30분10초	1781098210502]	오만1층 컨트롤러..
[2026-06-10 22시30분10초	1781098210502]	0ms

[2026-06-10 22시30분10초	1781098210502]	오만3층 컨트롤러..
[2026-06-10 22시30분10초	1781098210503]	1ms

[2026-06-10 22시30분10초	1781098210503]	오만4층 컨트롤러..
[2026-06-10 22시30분10초	1781098210503]	0ms

[2026-06-10 22시30분10초	1781098210504]	오만5층 컨트롤러..
[2026-06-10 22시30분10초	1781098210504]	0ms

[2026-06-10 22시30분10초	1781098210505]	오만6층 컨트롤러..
[2026-06-10 22시30분10초	1781098210505]	0ms

[2026-06-10 22시30분10초	1781098210505]	오만7층 컨트롤러..
[2026-06-10 22시30분10초	1781098210505]	0ms

[2026-06-10 22시30분10초	1781098210506]	오만8층 컨트롤러..
[2026-06-10 22시30분10초	1781098210506]	0ms

[2026-06-10 22시30분10초	1781098210506]	오만9층 컨트롤러..
[2026-06-10 22시30분10초	1781098210506]	0ms

[2026-06-10 22시30분10초	1781098210507]	오만10층 컨트롤러..
[2026-06-10 22시30분10초	1781098210507]	0ms

[2026-06-10 22시30분10초	1781098210508]	오만정상 컨트롤러..
[2026-06-10 22시30분10초	1781098210508]	0ms

[2026-06-10 22시30분10초	1781098210508]	기감 컨트롤러..
[2026-06-10 22시30분10초	1781098210508]	0ms

[2026-06-10 22시30분10초	1781098210509]	고라스컨트롤러..
[2026-06-10 22시30분10초	1781098210509]	0ms

[2026-06-10 22시30분10초	1781098210510]	드워프컨트롤러..
[2026-06-10 22시30분10초	1781098210510]	0ms

[2026-06-10 22시30분10초	1781098210511]	타임이벤트컨트롤러..
[2026-06-10 22시30분10초	1781098210511]	0ms

[2026-06-10 22시30분10초	1781098210511]	AutoHuntController..
[2026-06-10 22시30분10초	1781098210511]	0ms

[2026-06-10 22시30분10초	1781098210524]	DatabaseConnection..
[2026-06-10 22시30분10초	1781098210826]	302ms

[2026-06-10 22시30분10초	1781098210848]	ServerDatabase..
[2026-06-10 22시30분10초	1781098210895]	47ms

[2026-06-10 22시30분10초	1781098210898]	SlimeRaceController..
[2026-06-10 22시30분10초	1781098210902]	4ms

[2026-06-10 22시30분10초	1781098210904]	DogRaceController..
[2026-06-10 22시30분10초	1781098210905]	1ms

[2026-06-10 22시30분10초	1781098210910]	ClanController..
[2026-06-10 22시30분10초	1781098210917]	7ms

[2026-06-10 22시30분10초	1781098210919]	KingdomController..
[2026-06-10 22시30분10초	1781098210928]	9ms

[2026-06-10 22시30분10초	1781098210929]	AgitController..
[2026-06-10 22시30분10초	1781098210936]	7ms

[2026-06-10 22시30분10초	1781098210938]	AuctionController..
[2026-06-10 22시30분10초	1781098210946]	8ms

[2026-06-10 22시30분10초	1781098210952]	ItemDatabase..
[2026-06-10 22시30분11초	1781098211067]	115ms

[2026-06-10 22시30분11초	1781098211068]	ItemSetopionDatabase..
[2026-06-10 22시30분11초	1781098211072]	4ms

[2026-06-10 22시30분11초	1781098211073]	AutosellDatabase..
[2026-06-10 22시30분11초	1781098211096]	23ms

[2026-06-10 22시30분11초	1781098211097]	ItemSkillDatabase..
[2026-06-10 22시30분11초	1781098211101]	4ms

[2026-06-10 22시30분11초	1781098211102]	ItemBundleDatabase..
[2026-06-10 22시30분11초	1781098211107]	5ms

[2026-06-10 22시30분11초	1781098211108]	ItemChanceBundleDatabase..
[2026-06-10 22시30분11초	1781098211114]	6ms

[2026-06-10 22시30분11초	1781098211115]	FishItemListDatabase..
[2026-06-10 22시30분11초	1781098211117]	2ms

[2026-06-10 22시30분11초	1781098211118]	ItemTeleport..
[2026-06-10 22시30분11초	1781098211123]	5ms

[2026-06-10 22시30분11초	1781098211124]	PolyDatabase..
[2026-06-10 22시30분11초	1781098211128]	4ms

[2026-06-10 22시30분11초	1781098211129]	DungeonDatabase..
[2026-06-10 22시30분11초	1781098211135]	6ms

[2026-06-10 22시30분11초	1781098211136]	DefiniteDatabase..
[2026-06-10 22시30분11초	1781098211141]	5ms

[2026-06-10 22시30분11초	1781098211142]	ExpDatabase..
[2026-06-10 22시30분11초	1781098211145]	3ms

[2026-06-10 22시30분11초	1781098211145]	BackgroundDatabase..
[2026-06-10 22시30분11초	1781098211298]	153ms

[2026-06-10 22시30분11초	1781098211298]	SpriteFrameDatabase..
[2026-06-10 22시30분11초	1781098211353]	55ms

[2026-06-10 22시30분11초	1781098211354]	SkillDatabase..
[2026-06-10 22시30분11초	1781098211358]	4ms

[2026-06-10 22시30분11초	1781098211359]	NpcDatabase..
[2026-06-10 22시30분11초	1781098211368]	9ms

[2026-06-10 22시30분11초	1781098211369]	NpcShopDatabase..
[2026-06-10 22시30분11초	1781098211430]	61ms

[2026-06-10 22시30분11초	1781098211431]	NpcTeleportDatabase..
[2026-06-10 22시30분11초	1781098211434]	3ms

[2026-06-10 22시30분11초	1781098211572]	NpcSpawnlistDatabase..
[2026-06-10 22시30분11초	1781098211645]	73ms

[2026-06-10 22시30분11초	1781098211646]	EventController..
[2026-06-10 22시30분11초	1781098211646]	0ms

[2026-06-10 22시30분11초	1781098211647]	MonsterDatabase..
[2026-06-10 22시30분11초	1781098211665]	18ms

[2026-06-10 22시30분11초	1781098211666]	MonsterDropDatabase..
[2026-06-10 22시30분11초	1781098211694]	28ms

[2026-06-10 22시30분11초	1781098211695]	MonsterSkillDatabase..
[2026-06-10 22시30분11초	1781098211709]	14ms

[2026-06-10 22시30분11초	1781098211710]	MonsterSpawnlistDatabase..
[2026-06-10 22시30분12초	1781098212679]	969ms

[2026-06-10 22시30분12초	1781098212681]	MonsterBossSpawnlistDatabase..
[2026-06-10 22시30분12초	1781098212684]	3ms

[2026-06-10 22시30분12초	1781098212685]	ServerDownBossListDatabase..
[2026-06-10 22시30분12초	1781098212686]	1ms

[2026-06-10 22시30분12초	1781098212687]	BadIpDatabase..
[2026-06-10 22시30분12초	1781098212690]	3ms

[2026-06-10 22시30분12초	1781098212690]	QuestController..
[2026-06-10 22시30분12초	1781098212692]	2ms

[2026-06-10 22시30분12초	1781098212693]	ServerOpcodesDatabase..
[2026-06-10 22시30분12초	1781098212697]	4ms

[2026-06-10 22시30분12초	1781098212698]	ServerNoticeDatabase..
[2026-06-10 22시30분12초	1781098212700]	2ms

[2026-06-10 22시30분12초	1781098212701]	RankController..
[2026-06-10 22시30분12초	1781098212727]	26ms

[2026-06-10 22시30분12초	1781098212729]	WantedController..
[2026-06-10 22시30분12초	1781098212735]	6ms

[2026-06-10 22시30분12초	1781098212736]	TeleportHomeDatabase..
[2026-06-10 22시30분12초	1781098212767]	31ms

[2026-06-10 22시30분12초	1781098212768]	TeleportResetDatabase..
[2026-06-10 22시30분12초	1781098212798]	30ms

[2026-06-10 22시30분12초	1781098212798]	ItemPinewandDatabase..
[2026-06-10 22시30분12초	1781098212802]	4ms

[2026-06-10 22시30분12초	1781098212802]	ItemMaplewandDatabase..
[2026-06-10 22시30분12초	1781098212805]	3ms

[2026-06-10 22시30분12초	1781098212805]	SummonListDatabase..
[2026-06-10 22시30분12초	1781098212807]	2ms

[2026-06-10 22시30분12초	1781098212808]	GmListDatabase..
[2026-06-10 22시30분12초	1781098212809]	1ms

[2026-06-10 22시30분12초	1781098212811]	MagicdollListDatabase..
[2026-06-10 22시30분12초	1781098212814]	3ms

[2026-06-10 22시30분12초	1781098212818]	PcMarketController..
[2026-06-10 22시30분12초	1781098212820]	2ms

[2026-06-10 22시30분12초	1781098212821]	ServerOptionDatabase..
[2026-06-10 22시30분12초	1781098212822]	1ms

[2026-06-10 22시30분12초	1781098212823]	TimeDungeonDatabase..
[2026-06-10 22시30분12초	1781098212824]	1ms

[2026-06-10 22시30분12초	1781098212824]	TeamBattleDatabase..
[2026-06-10 22시30분12초	1781098212825]	1ms

[2026-06-10 22시30분12초	1781098212826]	LifeLostItemDatabase..
[2026-06-10 22시30분12초	1781098212828]	2ms

[2026-06-10 22시30분12초	1781098212829]	GmTeleportDatabase..
[2026-06-10 22시30분12초	1781098212830]	1ms

[2026-06-10 22시30분12초	1781098212832]	무인혈맹컨트롤러..
[2026-06-10 22시30분12초	1781098212834]	2ms

[2026-06-10 22시30분12초	1781098212834]	HackNoCheckDatabase..
[2026-06-10 22시30분12초	1781098212835]	1ms

[2026-06-10 22시30분12초	1781098212837]	EnchantLostItemDatabase..
[2026-06-10 22시30분12초	1781098212853]	16ms

[2026-06-10 22시30분12초	1781098212854]	ItemDropMessageDatabase..
[2026-06-10 22시30분12초	1781098212856]	2ms

[2026-06-10 22시30분12초	1781098212857]	FishingController..
[2026-06-10 22시30분12초	1781098212870]	13ms

[2026-06-10 22시30분12초	1781098212883]	RobotController..
[2026-06-10 22시30분12초	1781098212907]	24ms

[2026-06-10 22시30분12초	1781098212910]	Server..
[2026-06-10 22시30분12초	1781098212997]	87ms

[2026-06-10 22시30분12초	1781098212998]	ServerThread..
[2026-06-10 22시30분12초	1781098212999]	1ms

[2026-06-10 22시30분13초	1781098213000]	ControllerTherad..
[2026-06-10 22시30분13초	1781098213000]	0ms

[2026-06-10 22시30분13초	1781098213002]	CharacterThread..
[2026-06-10 22시30분13초	1781098213002]	0ms

[2026-06-10 22시30분13초	1781098213003]	DatabaseThread..
[2026-06-10 22시30분13초	1781098213003]	0ms

[2026-06-10 22시30분13초	1781098213004]	CharacterControlThread..
[2026-06-10 22시30분13초	1781098213004]	0ms

[2026-06-10 22시30분13초	1781098213008]	FightController..
[2026-06-10 22시30분13초	1781098213073]	65ms

[2026-06-10 22시30분13초	1781098213074]	TimeThread..
[2026-06-10 22시30분13초	1781098213074]	0ms

[2026-06-10 22시30분13초	1781098213075]	AutoHuntThread..
[2026-06-10 22시30분13초	1781098213075]	0ms

[2026-06-10 22시30분13초	1781098213075]	======================================================================
[2026-06-10 22시30분13초	1781098213076]	Server Version  :  Lineage 2.0

[2026-06-10 22시30분13초	1781098213076]	Server Port      :  2000

[2026-06-10 22시30분13초	1781098213076]	계정 자동생성  :  on

[2026-06-10 22시30분13초	1781098213076]	인챈트 : 1.0배  ||  드랍 : 7.0배  ||  경험치 : 50.0배  ||  아데나 : 40.0배  ||  파티 : 1.1배

[2026-06-10 22시30분13초	1781098213076]	======================================================================
[2026-06-10 22시30분13초	1781098213076]	'서버' 가동되었습니다.

[2026-06-10 22시33분13초	1781098393708]	자동 저장완료 2026-06-10 22시33분13초
[2026-06-10 22시34분52초	1781098492978]	lineage.conf file loading...
[2026-06-10 22시34분53초	1781098493003]	25ms

[2026-06-10 22시34분55초	1781098495590]	Lineage_Balance..
[2026-06-10 22시34분55초	1781098495595]	4ms

[2026-06-10 22시35분23초	1781098523669]	서버가 즉시 종료됩니다...
[2026-06-10 22시35분24초	1781098524670]	Thread close..
[2026-06-10 22시35분25초	1781098525670]	Save Database..
[2026-06-10 22시35분26초	1781098526215]	Socket close..
[2026-06-10 22시35분26초	1781098526215]	LineageServer Close...
[2026-06-10 22시35분26초	1781098526215]	0ms

[2026-06-10 22시35분26초	1781098526215]	ok..
