[2026-03-25 20시28분51초	1774438131630]	Mysql..
[2026-03-25 20시28분51초	1774438131631]	2ms

[2026-03-25 20시28분51초	1774438131651]	lineage.conf file loading...
[2026-03-25 20시28분51초	1774438131683]	32ms

[2026-03-25 20시28분51초	1774438131690]	Lineage_Balance..
[2026-03-25 20시28분51초	1774438131701]	11ms

[2026-03-25 20시28분51초	1774438131710]	npc_promotion..
[2026-03-25 20시28분51초	1774438131710]	0ms

[2026-03-25 20시28분51초	1774438131711]	Socket..
[2026-03-25 20시28분51초	1774438131712]	1ms

[2026-03-25 20시28분51초	1774438131712]	Common..
[2026-03-25 20시28분51초	1774438131712]	0ms

[2026-03-25 20시28분51초	1774438131713]	EventThread..
[2026-03-25 20시28분51초	1774438131713]	0ms

[2026-03-25 20시28분51초	1774438131714]	AiExecuteThread..
[2026-03-25 20시28분51초	1774438131715]	1ms

[2026-03-25 20시28분51초	1774438131716]	AiThread..
[2026-03-25 20시28분51초	1774438131716]	0ms

[2026-03-25 20시28분51초	1774438131720]	World..
[2026-03-25 20시28분51초	1774438131988]	268ms

[2026-03-25 20시28분51초	1774438131990]	BookController..
[2026-03-25 20시28분51초	1774438131990]	0ms

[2026-03-25 20시28분51초	1774438131990]	InventoryController..
[2026-03-25 20시28분51초	1774438131990]	0ms

[2026-03-25 20시28분51초	1774438131991]	BasePacketPooling..
[2026-03-25 20시28분51초	1774438131991]	0ms

[2026-03-25 20시28분51초	1774438131993]	SkillController..
[2026-03-25 20시28분51초	1774438131993]	0ms

[2026-03-25 20시28분51초	1774438131998]	DamageController..
[2026-03-25 20시28분51초	1774438131998]	0ms

[2026-03-25 20시28분52초	1774438132007]	CharacterController..
[2026-03-25 20시28분52초	1774438132007]	0ms

[2026-03-25 20시28분52초	1774438132008]	TradeController..
[2026-03-25 20시28분52초	1774438132008]	0ms

[2026-03-25 20시28분52초	1774438132008]	DungeonController..
[2026-03-25 20시28분52초	1774438132008]	0ms

[2026-03-25 20시28분52초	1774438132009]	ShipController..
[2026-03-25 20시28분52초	1774438132009]	0ms

[2026-03-25 20시28분52초	1774438132009]	BuffController..
[2026-03-25 20시28분52초	1774438132009]	0ms

[2026-03-25 20시28분52초	1774438132013]	SummonController..
[2026-03-25 20시28분52초	1774438132013]	0ms

[2026-03-25 20시28분52초	1774438132014]	PartyController..
[2026-03-25 20시28분52초	1774438132014]	0ms

[2026-03-25 20시28분52초	1774438132015]	InnController..
[2026-03-25 20시28분52초	1774438132015]	0ms

[2026-03-25 20시28분52초	1774438132016]	BoardController..
[2026-03-25 20시28분52초	1774438132016]	0ms

[2026-03-25 20시28분52초	1774438132018]	LetterController..
[2026-03-25 20시28분52초	1774438132018]	0ms

[2026-03-25 20시28분52초	1774438132019]	UserShopController..
[2026-03-25 20시28분52초	1774438132019]	0ms

[2026-03-25 20시28분52초	1774438132020]	ChattingController..
[2026-03-25 20시28분52초	1774438132021]	1ms

[2026-03-25 20시28분52초	1774438132022]	ColosseumController..
[2026-03-25 20시28분52초	1774438132022]	0ms

[2026-03-25 20시28분52초	1774438132023]	CraftController..
[2026-03-25 20시28분52초	1774438132023]	0ms

[2026-03-25 20시28분52초	1774438132024]	BossController..
[2026-03-25 20시28분52초	1774438132024]	0ms

[2026-03-25 20시28분52초	1774438132025]	NoticeController..
[2026-03-25 20시28분52초	1774438132025]	0ms

[2026-03-25 20시28분52초	1774438132026]	FriendController..
[2026-03-25 20시28분52초	1774438132026]	0ms

[2026-03-25 20시28분52초	1774438132027]	BugScanningController..
[2026-03-25 20시28분52초	1774438132027]	0ms

[2026-03-25 20시28분52초	1774438132028]	MagicDollController..
[2026-03-25 20시28분52초	1774438132028]	0ms

[2026-03-25 20시28분52초	1774438132028]	ShopController..
[2026-03-25 20시28분52초	1774438132028]	0ms

[2026-03-25 20시28분52초	1774438132030]	WarehouseDatabase..
[2026-03-25 20시28분52초	1774438132030]	0ms

[2026-03-25 20시28분52초	1774438132030]	PakTools..
[2026-03-25 20시28분52초	1774438132034]	4ms

[2026-03-25 20시28분52초	1774438132041]	ScriptController...
[2026-03-25 20시28분52초	1774438132044]	3ms

[2026-03-25 20시28분52초	1774438132044]	GiranClanLordController..
[2026-03-25 20시28분52초	1774438132044]	0ms

[2026-03-25 20시28분52초	1774438132046]	TeamBattleController..
[2026-03-25 20시28분52초	1774438132046]	0ms

[2026-03-25 20시28분52초	1774438132046]	WorldClearController..
[2026-03-25 20시28분52초	1774438132046]	0ms

[2026-03-25 20시28분52초	1774438132047]	SpotController..
[2026-03-25 20시28분52초	1774438132047]	0ms

[2026-03-25 20시28분52초	1774438132048]	테베라스 컨트롤러..
[2026-03-25 20시28분52초	1774438132048]	0ms

[2026-03-25 20시28분52초	1774438132048]	지옥 컨트롤러..
[2026-03-25 20시28분52초	1774438132048]	0ms

[2026-03-25 20시28분52초	1774438132049]	지하수로 컨트롤러..
[2026-03-25 20시28분52초	1774438132049]	0ms

[2026-03-25 20시28분52초	1774438132049]	보물찾기컨트롤러..
[2026-03-25 20시28분52초	1774438132050]	1ms

[2026-03-25 20시28분52초	1774438132050]	마족신전 컨트롤러..
[2026-03-25 20시28분52초	1774438132050]	0ms

[2026-03-25 20시28분52초	1774438132051]	고무 컨트롤러..
[2026-03-25 20시28분52초	1774438132051]	정무던전 컨트롤러..
[2026-03-25 20시28분52초	1774438132058]	6ms

[2026-03-25 20시28분52초	1774438132059]	그신 컨트롤러..
[2026-03-25 20시28분52초	1774438132059]	0ms

[2026-03-25 20시28분52초	1774438132060]	라바던전 컨트롤러..
[2026-03-25 20시28분52초	1774438132060]	0ms

[2026-03-25 20시28분52초	1774438132061]	월드보스컨트롤러..
[2026-03-25 20시28분52초	1774438132061]	0ms

[2026-03-25 20시28분52초	1774438132062]	펭귄 사냥터 컨트롤러..
[2026-03-25 20시28분52초	1774438132062]	0ms

[2026-03-25 20시28분52초	1774438132063]	칠흑던전 컨트롤러..
[2026-03-25 20시28분52초	1774438132063]	칠흑던전3층 컨트롤러..
[2026-03-25 20시28분52초	1774438132063]	0ms

[2026-03-25 20시28분52초	1774438132064]	칠흑던전4층 컨트롤러..
[2026-03-25 20시28분52초	1774438132064]	0ms

[2026-03-25 20시28분52초	1774438132065]	악마왕의영토컨트롤러..
[2026-03-25 20시28분52초	1774438132065]	0ms

[2026-03-25 20시28분52초	1774438132066]	얼던컨트롤러..
[2026-03-25 20시28분52초	1774438132066]	0ms

[2026-03-25 20시28분52초	1774438132067]	오만1층 컨트롤러..
[2026-03-25 20시28분52초	1774438132067]	0ms

[2026-03-25 20시28분52초	1774438132067]	오만1층 컨트롤러..
[2026-03-25 20시28분52초	1774438132068]	1ms

[2026-03-25 20시28분52초	1774438132068]	오만3층 컨트롤러..
[2026-03-25 20시28분52초	1774438132068]	0ms

[2026-03-25 20시28분52초	1774438132069]	오만4층 컨트롤러..
[2026-03-25 20시28분52초	1774438132069]	0ms

[2026-03-25 20시28분52초	1774438132070]	오만5층 컨트롤러..
[2026-03-25 20시28분52초	1774438132070]	0ms

[2026-03-25 20시28분52초	1774438132070]	오만6층 컨트롤러..
[2026-03-25 20시28분52초	1774438132071]	1ms

[2026-03-25 20시28분52초	1774438132071]	오만7층 컨트롤러..
[2026-03-25 20시28분52초	1774438132071]	0ms

[2026-03-25 20시28분52초	1774438132072]	오만8층 컨트롤러..
[2026-03-25 20시28분52초	1774438132072]	0ms

[2026-03-25 20시28분52초	1774438132073]	오만9층 컨트롤러..
[2026-03-25 20시28분52초	1774438132073]	0ms

[2026-03-25 20시28분52초	1774438132073]	오만10층 컨트롤러..
[2026-03-25 20시28분52초	1774438132073]	0ms

[2026-03-25 20시28분52초	1774438132074]	오만정상 컨트롤러..
[2026-03-25 20시28분52초	1774438132074]	0ms

[2026-03-25 20시28분52초	1774438132075]	기감 컨트롤러..
[2026-03-25 20시28분52초	1774438132075]	0ms

[2026-03-25 20시28분52초	1774438132075]	고라스컨트롤러..
[2026-03-25 20시28분52초	1774438132076]	1ms

[2026-03-25 20시28분52초	1774438132076]	드워프컨트롤러..
[2026-03-25 20시28분52초	1774438132076]	0ms

[2026-03-25 20시28분52초	1774438132077]	타임이벤트컨트롤러..
[2026-03-25 20시28분52초	1774438132077]	0ms

[2026-03-25 20시28분52초	1774438132078]	AutoHuntController..
[2026-03-25 20시28분52초	1774438132078]	0ms

[2026-03-25 20시28분52초	1774438132091]	DatabaseConnection..
[2026-03-25 20시28분52초	1774438132393]	302ms

[2026-03-25 20시28분52초	1774438132409]	ServerDatabase..
[2026-03-25 20시28분52초	1774438132462]	53ms

[2026-03-25 20시28분52초	1774438132466]	SlimeRaceController..
[2026-03-25 20시28분52초	1774438132470]	4ms

[2026-03-25 20시28분52초	1774438132472]	DogRaceController..
[2026-03-25 20시28분52초	1774438132473]	1ms

[2026-03-25 20시28분52초	1774438132482]	ClanController..
[2026-03-25 20시28분52초	1774438132491]	9ms

[2026-03-25 20시28분52초	1774438132494]	KingdomController..
[2026-03-25 20시28분52초	1774438132508]	14ms

[2026-03-25 20시28분52초	1774438132509]	AgitController..
[2026-03-25 20시28분52초	1774438132524]	14ms

[2026-03-25 20시28분52초	1774438132526]	AuctionController..
[2026-03-25 20시28분52초	1774438132547]	21ms

[2026-03-25 20시28분52초	1774438132555]	ItemDatabase..
[2026-03-25 20시28분52초	1774438132793]	238ms

[2026-03-25 20시28분52초	1774438132797]	ItemSetopionDatabase..
[2026-03-25 20시28분52초	1774438132808]	10ms

[2026-03-25 20시28분52초	1774438132809]	AutosellDatabase..
[2026-03-25 20시28분52초	1774438132844]	35ms

[2026-03-25 20시28분52초	1774438132848]	ItemSkillDatabase..
[2026-03-25 20시28분52초	1774438132867]	19ms

[2026-03-25 20시28분52초	1774438132868]	ItemBundleDatabase..
[2026-03-25 20시28분52초	1774438132874]	6ms

[2026-03-25 20시28분52초	1774438132875]	ItemChanceBundleDatabase..
[2026-03-25 20시28분52초	1774438132888]	13ms

[2026-03-25 20시28분52초	1774438132888]	FishItemListDatabase..
[2026-03-25 20시28분52초	1774438132892]	4ms

[2026-03-25 20시28분52초	1774438132894]	ItemTeleport..
[2026-03-25 20시28분52초	1774438132905]	11ms

[2026-03-25 20시28분52초	1774438132908]	PolyDatabase..
[2026-03-25 20시28분52초	1774438132914]	6ms

[2026-03-25 20시28분52초	1774438132914]	DungeonDatabase..
[2026-03-25 20시28분52초	1774438132924]	10ms

[2026-03-25 20시28분52초	1774438132925]	DefiniteDatabase..
[2026-03-25 20시28분52초	1774438132930]	5ms

[2026-03-25 20시28분52초	1774438132931]	ExpDatabase..
[2026-03-25 20시28분52초	1774438132936]	5ms

[2026-03-25 20시28분52초	1774438132936]	BackgroundDatabase..
[2026-03-25 20시28분53초	1774438133067]	131ms

[2026-03-25 20시28분53초	1774438133067]	SpriteFrameDatabase..
[2026-03-25 20시28분53초	1774438133188]	121ms

[2026-03-25 20시28분53초	1774438133189]	SkillDatabase..
[2026-03-25 20시28분53초	1774438133195]	6ms

[2026-03-25 20시28분53초	1774438133196]	NpcDatabase..
[2026-03-25 20시28분53초	1774438133207]	11ms

[2026-03-25 20시28분53초	1774438133208]	NpcShopDatabase..
[2026-03-25 20시28분53초	1774438133340]	132ms

[2026-03-25 20시28분53초	1774438133341]	NpcTeleportDatabase..
[2026-03-25 20시28분53초	1774438133372]	31ms

[2026-03-25 20시28분53초	1774438133631]	NpcSpawnlistDatabase..
[2026-03-25 20시28분53초	1774438133686]	55ms

[2026-03-25 20시28분53초	1774438133688]	EventController..
[2026-03-25 20시28분53초	1774438133688]	0ms

[2026-03-25 20시28분53초	1774438133690]	MonsterDatabase..
[2026-03-25 20시28분53초	1774438133713]	23ms

[2026-03-25 20시28분53초	1774438133714]	MonsterDropDatabase..
[2026-03-25 20시28분53초	1774438133746]	32ms

[2026-03-25 20시28분53초	1774438133747]	MonsterSkillDatabase..
[2026-03-25 20시28분53초	1774438133767]	20ms

[2026-03-25 20시28분53초	1774438133768]	MonsterSpawnlistDatabase..
[2026-03-25 20시28분54초	1774438134676]	908ms

[2026-03-25 20시28분54초	1774438134677]	MonsterBossSpawnlistDatabase..
[2026-03-25 20시28분54초	1774438134682]	5ms

[2026-03-25 20시28분54초	1774438134683]	ServerDownBossListDatabase..
[2026-03-25 20시28분54초	1774438134686]	3ms

[2026-03-25 20시28분54초	1774438134687]	BadIpDatabase..
[2026-03-25 20시28분54초	1774438134691]	4ms

[2026-03-25 20시28분54초	1774438134691]	QuestController..
[2026-03-25 20시28분54초	1774438134694]	3ms

[2026-03-25 20시28분54초	1774438134695]	ServerOpcodesDatabase..
[2026-03-25 20시28분54초	1774438134701]	6ms

[2026-03-25 20시28분54초	1774438134702]	ServerNoticeDatabase..
[2026-03-25 20시28분54초	1774438134707]	5ms

[2026-03-25 20시28분54초	1774438134710]	RankController..
[2026-03-25 20시28분54초	1774438134740]	30ms

[2026-03-25 20시28분54초	1774438134741]	WantedController..
[2026-03-25 20시28분54초	1774438134747]	6ms

[2026-03-25 20시28분54초	1774438134748]	TeleportHomeDatabase..
[2026-03-25 20시28분54초	1774438134781]	33ms

[2026-03-25 20시28분54초	1774438134782]	TeleportResetDatabase..
[2026-03-25 20시28분54초	1774438134813]	31ms

[2026-03-25 20시28분54초	1774438134814]	ItemPinewandDatabase..
[2026-03-25 20시28분54초	1774438134818]	4ms

[2026-03-25 20시28분54초	1774438134819]	ItemMaplewandDatabase..
[2026-03-25 20시28분54초	1774438134822]	3ms

[2026-03-25 20시28분54초	1774438134823]	SummonListDatabase..
[2026-03-25 20시28분54초	1774438134826]	3ms

[2026-03-25 20시28분54초	1774438134827]	GmListDatabase..
[2026-03-25 20시28분54초	1774438134829]	2ms

[2026-03-25 20시28분54초	1774438134830]	MagicdollListDatabase..
[2026-03-25 20시28분54초	1774438134833]	3ms

[2026-03-25 20시28분54초	1774438134836]	PcMarketController..
[2026-03-25 20시28분54초	1774438134841]	5ms

[2026-03-25 20시28분54초	1774438134841]	ServerOptionDatabase..
[2026-03-25 20시28분54초	1774438134843]	2ms

[2026-03-25 20시28분54초	1774438134844]	TimeDungeonDatabase..
[2026-03-25 20시28분54초	1774438134847]	2ms

[2026-03-25 20시28분54초	1774438134847]	TeamBattleDatabase..
[2026-03-25 20시28분54초	1774438134850]	3ms

[2026-03-25 20시28분54초	1774438134851]	LifeLostItemDatabase..
[2026-03-25 20시28분54초	1774438134853]	2ms

[2026-03-25 20시28분54초	1774438134854]	GmTeleportDatabase..
[2026-03-25 20시28분54초	1774438134856]	2ms

[2026-03-25 20시28분54초	1774438134858]	무인혈맹컨트롤러..
[2026-03-25 20시28분54초	1774438134860]	2ms

[2026-03-25 20시28분54초	1774438134861]	HackNoCheckDatabase..
[2026-03-25 20시28분54초	1774438134863]	2ms

[2026-03-25 20시28분54초	1774438134864]	EnchantLostItemDatabase..
[2026-03-25 20시28분54초	1774438134882]	18ms

[2026-03-25 20시28분54초	1774438134883]	ItemDropMessageDatabase..
[2026-03-25 20시28분54초	1774438134886]	3ms

[2026-03-25 20시28분54초	1774438134888]	FishingController..
[2026-03-25 20시28분54초	1774438134899]	11ms

[2026-03-25 20시28분54초	1774438134911]	RobotController..
[2026-03-25 20시28분54초	1774438134938]	27ms

[2026-03-25 20시28분54초	1774438134940]	Server..
[2026-03-25 20시28분55초	1774438135008]	68ms

[2026-03-25 20시28분55초	1774438135009]	ServerThread..
[2026-03-25 20시28분55초	1774438135009]	0ms

[2026-03-25 20시28분55초	1774438135009]	ControllerTherad..
[2026-03-25 20시28분55초	1774438135010]	1ms

[2026-03-25 20시28분55초	1774438135010]	CharacterThread..
[2026-03-25 20시28분55초	1774438135010]	0ms

[2026-03-25 20시28분55초	1774438135011]	DatabaseThread..
[2026-03-25 20시28분55초	1774438135011]	0ms

[2026-03-25 20시28분55초	1774438135013]	CharacterControlThread..
[2026-03-25 20시28분55초	1774438135013]	0ms

[2026-03-25 20시28분55초	1774438135056]	FightController..
[2026-03-25 20시28분55초	1774438135071]	15ms

[2026-03-25 20시28분55초	1774438135071]	TimeThread..
[2026-03-25 20시28분55초	1774438135072]	1ms

[2026-03-25 20시28분55초	1774438135072]	AutoHuntThread..
[2026-03-25 20시28분55초	1774438135073]	1ms

[2026-03-25 20시28분55초	1774438135073]	======================================================================
[2026-03-25 20시28분55초	1774438135073]	Server Version  :  Lineage 2.0

[2026-03-25 20시28분55초	1774438135073]	Server Port      :  2000

[2026-03-25 20시28분55초	1774438135073]	계정 자동생성  :  on

[2026-03-25 20시28분55초	1774438135073]	인챈트 : 1.0배  ||  드랍 : 7.0배  ||  경험치 : 50.0배  ||  아데나 : 40.0배  ||  파티 : 1.1배

[2026-03-25 20시28분55초	1774438135073]	======================================================================
[2026-03-25 20시28분55초	1774438135073]	'서버' 가동되었습니다.

