[2026-07-08 00시40분58초	1783438858736]	Mysql..
[2026-07-08 00시40분58초	1783438858737]	2ms

[2026-07-08 00시40분58초	1783438858757]	lineage.conf file loading...
[2026-07-08 00시40분58초	1783438858790]	33ms

[2026-07-08 00시40분58초	1783438858802]	Lineage_Balance..
[2026-07-08 00시40분58초	1783438858811]	9ms

[2026-07-08 00시40분58초	1783438858812]	npc_promotion..
[2026-07-08 00시40분58초	1783438858812]	0ms

[2026-07-08 00시40분58초	1783438858813]	Socket..
[2026-07-08 00시40분58초	1783438858813]	0ms

[2026-07-08 00시40분58초	1783438858813]	Common..
[2026-07-08 00시40분58초	1783438858813]	0ms

[2026-07-08 00시40분58초	1783438858814]	EventThread..
[2026-07-08 00시40분58초	1783438858814]	0ms

[2026-07-08 00시40분58초	1783438858815]	AiExecuteThread..
[2026-07-08 00시40분58초	1783438858815]	0ms

[2026-07-08 00시40분58초	1783438858816]	AiThread..
[2026-07-08 00시40분58초	1783438858816]	0ms

[2026-07-08 00시40분58초	1783438858820]	World..
[2026-07-08 00시40분58초	1783438858904]	84ms

[2026-07-08 00시40분58초	1783438858905]	BookController..
[2026-07-08 00시40분58초	1783438858905]	0ms

[2026-07-08 00시40분58초	1783438858906]	InventoryController..
[2026-07-08 00시40분58초	1783438858906]	0ms

[2026-07-08 00시40분58초	1783438858907]	BasePacketPooling..
[2026-07-08 00시40분58초	1783438858907]	0ms

[2026-07-08 00시40분58초	1783438858909]	SkillController..
[2026-07-08 00시40분58초	1783438858909]	0ms

[2026-07-08 00시40분58초	1783438858920]	DamageController..
[2026-07-08 00시40분58초	1783438858920]	0ms

[2026-07-08 00시40분58초	1783438858922]	CharacterController..
[2026-07-08 00시40분58초	1783438858922]	0ms

[2026-07-08 00시40분58초	1783438858923]	TradeController..
[2026-07-08 00시40분58초	1783438858923]	0ms

[2026-07-08 00시40분58초	1783438858924]	DungeonController..
[2026-07-08 00시40분58초	1783438858924]	0ms

[2026-07-08 00시40분58초	1783438858924]	ShipController..
[2026-07-08 00시40분58초	1783438858924]	0ms

[2026-07-08 00시40분58초	1783438858925]	BuffController..
[2026-07-08 00시40분58초	1783438858925]	0ms

[2026-07-08 00시40분58초	1783438858928]	SummonController..
[2026-07-08 00시40분58초	1783438858929]	1ms

[2026-07-08 00시40분58초	1783438858929]	PartyController..
[2026-07-08 00시40분58초	1783438858930]	1ms

[2026-07-08 00시40분58초	1783438858930]	InnController..
[2026-07-08 00시40분58초	1783438858930]	0ms

[2026-07-08 00시40분58초	1783438858932]	BoardController..
[2026-07-08 00시40분58초	1783438858932]	0ms

[2026-07-08 00시40분58초	1783438858934]	LetterController..
[2026-07-08 00시40분58초	1783438858934]	0ms

[2026-07-08 00시40분58초	1783438858935]	UserShopController..
[2026-07-08 00시40분58초	1783438858935]	0ms

[2026-07-08 00시40분58초	1783438858936]	ChattingController..
[2026-07-08 00시40분58초	1783438858938]	1ms

[2026-07-08 00시40분58초	1783438858939]	ColosseumController..
[2026-07-08 00시40분58초	1783438858939]	0ms

[2026-07-08 00시40분58초	1783438858940]	CraftController..
[2026-07-08 00시40분58초	1783438858940]	0ms

[2026-07-08 00시40분58초	1783438858941]	BossController..
[2026-07-08 00시40분58초	1783438858941]	0ms

[2026-07-08 00시40분58초	1783438858942]	NoticeController..
[2026-07-08 00시40분58초	1783438858943]	1ms

[2026-07-08 00시40분58초	1783438858951]	FriendController..
[2026-07-08 00시40분58초	1783438858951]	0ms

[2026-07-08 00시40분58초	1783438858951]	BugScanningController..
[2026-07-08 00시40분58초	1783438858952]	1ms

[2026-07-08 00시40분58초	1783438858953]	MagicDollController..
[2026-07-08 00시40분58초	1783438858953]	0ms

[2026-07-08 00시40분58초	1783438858954]	ShopController..
[2026-07-08 00시40분58초	1783438858954]	0ms

[2026-07-08 00시40분58초	1783438858962]	WarehouseDatabase..
[2026-07-08 00시40분58초	1783438858962]	0ms

[2026-07-08 00시40분58초	1783438858963]	PakTools..
[2026-07-08 00시40분58초	1783438858964]	1ms

[2026-07-08 00시40분58초	1783438858965]	ScriptController...
[2026-07-08 00시40분58초	1783438858968]	3ms

[2026-07-08 00시40분58초	1783438858969]	GiranClanLordController..
[2026-07-08 00시40분58초	1783438858969]	0ms

[2026-07-08 00시40분58초	1783438858971]	TeamBattleController..
[2026-07-08 00시40분58초	1783438858971]	0ms

[2026-07-08 00시40분58초	1783438858971]	WorldClearController..
[2026-07-08 00시40분58초	1783438858971]	0ms

[2026-07-08 00시40분58초	1783438858972]	SpotController..
[2026-07-08 00시40분58초	1783438858972]	0ms

[2026-07-08 00시40분58초	1783438858975]	테베라스 컨트롤러..
[2026-07-08 00시40분58초	1783438858975]	2ms

[2026-07-08 00시40분58초	1783438858976]	지옥 컨트롤러..
[2026-07-08 00시40분58초	1783438858976]	0ms

[2026-07-08 00시40분58초	1783438858977]	지하수로 컨트롤러..
[2026-07-08 00시40분58초	1783438858977]	0ms

[2026-07-08 00시40분58초	1783438858978]	보물찾기컨트롤러..
[2026-07-08 00시40분58초	1783438858978]	0ms

[2026-07-08 00시40분58초	1783438858979]	마족신전 컨트롤러..
[2026-07-08 00시40분58초	1783438858979]	0ms

[2026-07-08 00시40분58초	1783438858979]	고무 컨트롤러..
[2026-07-08 00시40분58초	1783438858980]	정무던전 컨트롤러..
[2026-07-08 00시40분58초	1783438858984]	4ms

[2026-07-08 00시40분58초	1783438858984]	그신 컨트롤러..
[2026-07-08 00시40분58초	1783438858984]	0ms

[2026-07-08 00시40분58초	1783438858985]	라바던전 컨트롤러..
[2026-07-08 00시40분58초	1783438858985]	0ms

[2026-07-08 00시40분58초	1783438858986]	월드보스컨트롤러..
[2026-07-08 00시40분58초	1783438858986]	0ms

[2026-07-08 00시40분58초	1783438858987]	펭귄 사냥터 컨트롤러..
[2026-07-08 00시40분58초	1783438858987]	0ms

[2026-07-08 00시40분58초	1783438858987]	칠흑던전 컨트롤러..
[2026-07-08 00시40분58초	1783438858988]	칠흑던전3층 컨트롤러..
[2026-07-08 00시40분58초	1783438858988]	0ms

[2026-07-08 00시40분58초	1783438858988]	칠흑던전4층 컨트롤러..
[2026-07-08 00시40분58초	1783438858989]	1ms

[2026-07-08 00시40분58초	1783438858989]	악마왕의영토컨트롤러..
[2026-07-08 00시40분58초	1783438858989]	0ms

[2026-07-08 00시40분58초	1783438858990]	얼던컨트롤러..
[2026-07-08 00시40분58초	1783438858990]	0ms

[2026-07-08 00시40분58초	1783438858990]	오만1층 컨트롤러..
[2026-07-08 00시40분58초	1783438858991]	1ms

[2026-07-08 00시40분58초	1783438858993]	오만1층 컨트롤러..
[2026-07-08 00시40분58초	1783438858993]	0ms

[2026-07-08 00시40분58초	1783438858995]	오만3층 컨트롤러..
[2026-07-08 00시40분58초	1783438858995]	0ms

[2026-07-08 00시40분58초	1783438858996]	오만4층 컨트롤러..
[2026-07-08 00시40분58초	1783438858996]	0ms

[2026-07-08 00시40분58초	1783438858997]	오만5층 컨트롤러..
[2026-07-08 00시40분58초	1783438858997]	0ms

[2026-07-08 00시40분58초	1783438858998]	오만6층 컨트롤러..
[2026-07-08 00시40분58초	1783438858998]	0ms

[2026-07-08 00시40분58초	1783438858999]	오만7층 컨트롤러..
[2026-07-08 00시40분58초	1783438858999]	0ms

[2026-07-08 00시40분58초	1783438858999]	오만8층 컨트롤러..
[2026-07-08 00시40분59초	1783438859000]	1ms

[2026-07-08 00시40분59초	1783438859000]	오만9층 컨트롤러..
[2026-07-08 00시40분59초	1783438859000]	0ms

[2026-07-08 00시40분59초	1783438859001]	오만10층 컨트롤러..
[2026-07-08 00시40분59초	1783438859001]	0ms

[2026-07-08 00시40분59초	1783438859002]	오만정상 컨트롤러..
[2026-07-08 00시40분59초	1783438859002]	0ms

[2026-07-08 00시40분59초	1783438859003]	기감 컨트롤러..
[2026-07-08 00시40분59초	1783438859003]	0ms

[2026-07-08 00시40분59초	1783438859003]	고라스컨트롤러..
[2026-07-08 00시40분59초	1783438859004]	1ms

[2026-07-08 00시40분59초	1783438859004]	드워프컨트롤러..
[2026-07-08 00시40분59초	1783438859004]	0ms

[2026-07-08 00시40분59초	1783438859005]	타임이벤트컨트롤러..
[2026-07-08 00시40분59초	1783438859005]	0ms

[2026-07-08 00시40분59초	1783438859006]	AutoHuntController..
[2026-07-08 00시40분59초	1783438859006]	0ms

[2026-07-08 00시40분59초	1783438859020]	DatabaseConnection..
[2026-07-08 00시40분59초	1783438859313]	293ms

[2026-07-08 00시40분59초	1783438859327]	ServerDatabase..
[2026-07-08 00시40분59초	1783438859356]	28ms

[2026-07-08 00시40분59초	1783438859358]	SlimeRaceController..
[2026-07-08 00시40분59초	1783438859360]	2ms

[2026-07-08 00시40분59초	1783438859362]	DogRaceController..
[2026-07-08 00시40분59초	1783438859364]	2ms

[2026-07-08 00시40분59초	1783438859374]	ClanController..
[2026-07-08 00시40분59초	1783438859379]	5ms

[2026-07-08 00시40분59초	1783438859381]	KingdomController..
[2026-07-08 00시40분59초	1783438859387]	6ms

[2026-07-08 00시40분59초	1783438859388]	AgitController..
[2026-07-08 00시40분59초	1783438859393]	5ms

[2026-07-08 00시40분59초	1783438859394]	AuctionController..
[2026-07-08 00시40분59초	1783438859398]	4ms

[2026-07-08 00시40분59초	1783438859403]	ItemDatabase..
[2026-07-08 00시40분59초	1783438859522]	119ms

[2026-07-08 00시40분59초	1783438859523]	ItemSetopionDatabase..
[2026-07-08 00시40분59초	1783438859526]	3ms

[2026-07-08 00시40분59초	1783438859526]	AutosellDatabase..
[2026-07-08 00시40분59초	1783438859551]	25ms

[2026-07-08 00시40분59초	1783438859552]	ItemSkillDatabase..
[2026-07-08 00시40분59초	1783438859553]	1ms

[2026-07-08 00시40분59초	1783438859554]	ItemBundleDatabase..
[2026-07-08 00시40분59초	1783438859557]	3ms

[2026-07-08 00시40분59초	1783438859558]	ItemChanceBundleDatabase..
[2026-07-08 00시40분59초	1783438859562]	4ms

[2026-07-08 00시40분59초	1783438859563]	FishItemListDatabase..
[2026-07-08 00시40분59초	1783438859564]	1ms

[2026-07-08 00시40분59초	1783438859565]	ItemTeleport..
[2026-07-08 00시40분59초	1783438859567]	2ms

[2026-07-08 00시40분59초	1783438859568]	PolyDatabase..
[2026-07-08 00시40분59초	1783438859571]	3ms

[2026-07-08 00시40분59초	1783438859572]	DungeonDatabase..
[2026-07-08 00시40분59초	1783438859576]	4ms

[2026-07-08 00시40분59초	1783438859576]	DefiniteDatabase..
[2026-07-08 00시40분59초	1783438859578]	2ms

[2026-07-08 00시40분59초	1783438859579]	ExpDatabase..
[2026-07-08 00시40분59초	1783438859581]	2ms

[2026-07-08 00시40분59초	1783438859581]	BackgroundDatabase..
[2026-07-08 00시40분59초	1783438859754]	172ms

[2026-07-08 00시40분59초	1783438859754]	SpriteFrameDatabase..
[2026-07-08 00시40분59초	1783438859824]	70ms

[2026-07-08 00시40분59초	1783438859826]	SkillDatabase..
[2026-07-08 00시40분59초	1783438859828]	2ms

[2026-07-08 00시40분59초	1783438859829]	NpcDatabase..
[2026-07-08 00시40분59초	1783438859838]	9ms

[2026-07-08 00시40분59초	1783438859839]	NpcShopDatabase..
[2026-07-08 00시40분59초	1783438859904]	65ms

[2026-07-08 00시40분59초	1783438859905]	NpcTeleportDatabase..
[2026-07-08 00시40분59초	1783438859906]	1ms

[2026-07-08 00시41분00초	1783438860053]	NpcSpawnlistDatabase..
[2026-07-08 00시41분00초	1783438860108]	55ms

[2026-07-08 00시41분00초	1783438860110]	EventController..
[2026-07-08 00시41분00초	1783438860110]	0ms

[2026-07-08 00시41분00초	1783438860111]	MonsterDatabase..
[2026-07-08 00시41분00초	1783438860128]	17ms

[2026-07-08 00시41분00초	1783438860129]	MonsterDropDatabase..
[2026-07-08 00시41분00초	1783438860157]	28ms

[2026-07-08 00시41분00초	1783438860158]	MonsterSkillDatabase..
[2026-07-08 00시41분00초	1783438860170]	12ms

[2026-07-08 00시41분00초	1783438860172]	MonsterSpawnlistDatabase..
[2026-07-08 00시41분01초	1783438861347]	1175ms

[2026-07-08 00시41분01초	1783438861348]	MonsterBossSpawnlistDatabase..
[2026-07-08 00시41분01초	1783438861350]	2ms

[2026-07-08 00시41분01초	1783438861350]	ServerDownBossListDatabase..
[2026-07-08 00시41분01초	1783438861351]	1ms

[2026-07-08 00시41분01초	1783438861352]	BadIpDatabase..
[2026-07-08 00시41분01초	1783438861353]	1ms

[2026-07-08 00시41분01초	1783438861353]	QuestController..
[2026-07-08 00시41분01초	1783438861354]	1ms

[2026-07-08 00시41분01초	1783438861354]	ServerOpcodesDatabase..
[2026-07-08 00시41분01초	1783438861357]	3ms

[2026-07-08 00시41분01초	1783438861358]	ServerNoticeDatabase..
[2026-07-08 00시41분01초	1783438861359]	1ms

[2026-07-08 00시41분01초	1783438861359]	RankController..
[2026-07-08 00시41분01초	1783438861379]	20ms

[2026-07-08 00시41분01초	1783438861381]	WantedController..
[2026-07-08 00시41분01초	1783438861385]	4ms

[2026-07-08 00시41분01초	1783438861386]	TeleportHomeDatabase..
[2026-07-08 00시41분01초	1783438861421]	35ms

[2026-07-08 00시41분01초	1783438861421]	TeleportResetDatabase..
[2026-07-08 00시41분01초	1783438861451]	30ms

[2026-07-08 00시41분01초	1783438861452]	ItemPinewandDatabase..
[2026-07-08 00시41분01초	1783438861454]	1ms

[2026-07-08 00시41분01초	1783438861455]	ItemMaplewandDatabase..
[2026-07-08 00시41분01초	1783438861456]	1ms

[2026-07-08 00시41분01초	1783438861457]	SummonListDatabase..
[2026-07-08 00시41분01초	1783438861458]	1ms

[2026-07-08 00시41분01초	1783438861458]	GmListDatabase..
[2026-07-08 00시41분01초	1783438861459]	1ms

[2026-07-08 00시41분01초	1783438861461]	MagicdollListDatabase..
[2026-07-08 00시41분01초	1783438861462]	1ms

[2026-07-08 00시41분01초	1783438861465]	PcMarketController..
[2026-07-08 00시41분01초	1783438861466]	1ms

[2026-07-08 00시41분01초	1783438861467]	ServerOptionDatabase..
[2026-07-08 00시41분01초	1783438861467]	0ms

[2026-07-08 00시41분01초	1783438861468]	TimeDungeonDatabase..
[2026-07-08 00시41분01초	1783438861468]	0ms

[2026-07-08 00시41분01초	1783438861469]	TeamBattleDatabase..
[2026-07-08 00시41분01초	1783438861469]	0ms

[2026-07-08 00시41분01초	1783438861470]	LifeLostItemDatabase..
[2026-07-08 00시41분01초	1783438861471]	1ms

[2026-07-08 00시41분01초	1783438861472]	GmTeleportDatabase..
[2026-07-08 00시41분01초	1783438861473]	1ms

[2026-07-08 00시41분01초	1783438861475]	무인혈맹컨트롤러..
[2026-07-08 00시41분01초	1783438861476]	1ms

[2026-07-08 00시41분01초	1783438861476]	HackNoCheckDatabase..
[2026-07-08 00시41분01초	1783438861477]	1ms

[2026-07-08 00시41분01초	1783438861478]	EnchantLostItemDatabase..
[2026-07-08 00시41분01초	1783438861483]	5ms

[2026-07-08 00시41분01초	1783438861484]	ItemDropMessageDatabase..
[2026-07-08 00시41분01초	1783438861486]	2ms

[2026-07-08 00시41분01초	1783438861487]	FishingController..
[2026-07-08 00시41분01초	1783438861499]	12ms

[2026-07-08 00시41분01초	1783438861510]	RobotController..
[2026-07-08 00시41분01초	1783438861604]	94ms

[2026-07-08 00시41분01초	1783438861606]	Server..
[2026-07-08 00시41분01초	1783438861676]	70ms

[2026-07-08 00시41분01초	1783438861677]	ServerThread..
[2026-07-08 00시41분01초	1783438861677]	0ms

[2026-07-08 00시41분01초	1783438861678]	ControllerTherad..
[2026-07-08 00시41분01초	1783438861678]	0ms

[2026-07-08 00시41분01초	1783438861679]	CharacterThread..
[2026-07-08 00시41분01초	1783438861679]	0ms

[2026-07-08 00시41분01초	1783438861680]	DatabaseThread..
[2026-07-08 00시41분01초	1783438861680]	0ms

[2026-07-08 00시41분01초	1783438861681]	CharacterControlThread..
[2026-07-08 00시41분01초	1783438861682]	1ms

[2026-07-08 00시41분01초	1783438861728]	FightController..
[2026-07-08 00시41분01초	1783438861756]	28ms

[2026-07-08 00시41분01초	1783438861757]	TimeThread..
[2026-07-08 00시41분01초	1783438861757]	0ms

[2026-07-08 00시41분01초	1783438861758]	AutoHuntThread..
[2026-07-08 00시41분01초	1783438861758]	0ms

[2026-07-08 00시41분01초	1783438861758]	======================================================================
[2026-07-08 00시41분01초	1783438861759]	Server Version  :  Lineage 2.0

[2026-07-08 00시41분01초	1783438861759]	Server Port      :  2000

[2026-07-08 00시41분01초	1783438861759]	계정 자동생성  :  on

[2026-07-08 00시41분01초	1783438861759]	인챈트 : 1.0배  ||  드랍 : 1.0배  ||  경험치 : 30.0배  ||  아데나 : 1.0배  ||  파티 : 1.1배

[2026-07-08 00시41분01초	1783438861759]	======================================================================
[2026-07-08 00시41분01초	1783438861759]	'서버' 가동되었습니다.

[2026-07-08 00시42분01초	1783438921956]	자동 저장완료 2026-07-08 00시42분01초
[2026-07-08 00시42분51초	1783438971536]	서버가 즉시 종료됩니다...
[2026-07-08 00시42분52초	1783438972537]	Thread close..
[2026-07-08 00시42분53초	1783438973538]	Save Database..
[2026-07-08 00시42분54초	1783438974088]	Socket close..
[2026-07-08 00시42분54초	1783438974088]	LineageServer Close...
[2026-07-08 00시42분54초	1783438974088]	0ms

[2026-07-08 00시42분54초	1783438974088]	ok..
