[2026-07-09 14시18분51초	1783574331816]	Mysql..
[2026-07-09 14시18분51초	1783574331817]	2ms

[2026-07-09 14시18분51초	1783574331836]	lineage.conf file loading...
[2026-07-09 14시18분51초	1783574331869]	33ms

[2026-07-09 14시18분51초	1783574331884]	Lineage_Balance..
[2026-07-09 14시18분51초	1783574331894]	10ms

[2026-07-09 14시18분51초	1783574331895]	npc_promotion..
[2026-07-09 14시18분51초	1783574331896]	1ms

[2026-07-09 14시18분51초	1783574331897]	Socket..
[2026-07-09 14시18분51초	1783574331897]	0ms

[2026-07-09 14시18분51초	1783574331898]	Common..
[2026-07-09 14시18분51초	1783574331898]	0ms

[2026-07-09 14시18분51초	1783574331898]	EventThread..
[2026-07-09 14시18분51초	1783574331899]	1ms

[2026-07-09 14시18분51초	1783574331900]	AiExecuteThread..
[2026-07-09 14시18분51초	1783574331900]	0ms

[2026-07-09 14시18분51초	1783574331901]	AiThread..
[2026-07-09 14시18분51초	1783574331901]	0ms

[2026-07-09 14시18분51초	1783574331911]	World..
[2026-07-09 14시18분52초	1783574332259]	348ms

[2026-07-09 14시18분52초	1783574332260]	BookController..
[2026-07-09 14시18분52초	1783574332260]	0ms

[2026-07-09 14시18분52초	1783574332261]	InventoryController..
[2026-07-09 14시18분52초	1783574332261]	0ms

[2026-07-09 14시18분52초	1783574332261]	BasePacketPooling..
[2026-07-09 14시18분52초	1783574332262]	1ms

[2026-07-09 14시18분52초	1783574332264]	SkillController..
[2026-07-09 14시18분52초	1783574332264]	0ms

[2026-07-09 14시18분52초	1783574332272]	DamageController..
[2026-07-09 14시18분52초	1783574332272]	0ms

[2026-07-09 14시18분52초	1783574332282]	CharacterController..
[2026-07-09 14시18분52초	1783574332282]	0ms

[2026-07-09 14시18분52초	1783574332285]	TradeController..
[2026-07-09 14시18분52초	1783574332286]	0ms

[2026-07-09 14시18분52초	1783574332286]	DungeonController..
[2026-07-09 14시18분52초	1783574332286]	0ms

[2026-07-09 14시18분52초	1783574332288]	ShipController..
[2026-07-09 14시18분52초	1783574332288]	0ms

[2026-07-09 14시18분52초	1783574332288]	BuffController..
[2026-07-09 14시18분52초	1783574332288]	0ms

[2026-07-09 14시18분52초	1783574332292]	SummonController..
[2026-07-09 14시18분52초	1783574332292]	0ms

[2026-07-09 14시18분52초	1783574332293]	PartyController..
[2026-07-09 14시18분52초	1783574332293]	0ms

[2026-07-09 14시18분52초	1783574332293]	InnController..
[2026-07-09 14시18분52초	1783574332293]	0ms

[2026-07-09 14시18분52초	1783574332294]	BoardController..
[2026-07-09 14시18분52초	1783574332295]	1ms

[2026-07-09 14시18분52초	1783574332296]	LetterController..
[2026-07-09 14시18분52초	1783574332296]	0ms

[2026-07-09 14시18분52초	1783574332297]	UserShopController..
[2026-07-09 14시18분52초	1783574332297]	0ms

[2026-07-09 14시18분52초	1783574332298]	ChattingController..
[2026-07-09 14시18분52초	1783574332300]	2ms

[2026-07-09 14시18분52초	1783574332301]	ColosseumController..
[2026-07-09 14시18분52초	1783574332301]	0ms

[2026-07-09 14시18분52초	1783574332302]	CraftController..
[2026-07-09 14시18분52초	1783574332302]	0ms

[2026-07-09 14시18분52초	1783574332303]	BossController..
[2026-07-09 14시18분52초	1783574332304]	1ms

[2026-07-09 14시18분52초	1783574332305]	NoticeController..
[2026-07-09 14시18분52초	1783574332305]	0ms

[2026-07-09 14시18분52초	1783574332306]	FriendController..
[2026-07-09 14시18분52초	1783574332306]	0ms

[2026-07-09 14시18분52초	1783574332306]	BugScanningController..
[2026-07-09 14시18분52초	1783574332306]	0ms

[2026-07-09 14시18분52초	1783574332307]	MagicDollController..
[2026-07-09 14시18분52초	1783574332307]	0ms

[2026-07-09 14시18분52초	1783574332308]	ShopController..
[2026-07-09 14시18분52초	1783574332308]	0ms

[2026-07-09 14시18분52초	1783574332309]	WarehouseDatabase..
[2026-07-09 14시18분52초	1783574332309]	0ms

[2026-07-09 14시18분52초	1783574332310]	PakTools..
[2026-07-09 14시18분52초	1783574332313]	3ms

[2026-07-09 14시18분52초	1783574332320]	ScriptController...
[2026-07-09 14시18분52초	1783574332323]	3ms

[2026-07-09 14시18분52초	1783574332323]	GiranClanLordController..
[2026-07-09 14시18분52초	1783574332323]	0ms

[2026-07-09 14시18분52초	1783574332325]	TeamBattleController..
[2026-07-09 14시18분52초	1783574332325]	0ms

[2026-07-09 14시18분52초	1783574332325]	WorldClearController..
[2026-07-09 14시18분52초	1783574332325]	0ms

[2026-07-09 14시18분52초	1783574332326]	SpotController..
[2026-07-09 14시18분52초	1783574332326]	0ms

[2026-07-09 14시18분52초	1783574332327]	테베라스 컨트롤러..
[2026-07-09 14시18분52초	1783574332327]	0ms

[2026-07-09 14시18분52초	1783574332327]	지옥 컨트롤러..
[2026-07-09 14시18분52초	1783574332327]	0ms

[2026-07-09 14시18분52초	1783574332328]	지하수로 컨트롤러..
[2026-07-09 14시18분52초	1783574332328]	0ms

[2026-07-09 14시18분52초	1783574332328]	보물찾기컨트롤러..
[2026-07-09 14시18분52초	1783574332329]	1ms

[2026-07-09 14시18분52초	1783574332329]	마족신전 컨트롤러..
[2026-07-09 14시18분52초	1783574332329]	0ms

[2026-07-09 14시18분52초	1783574332330]	고무 컨트롤러..
[2026-07-09 14시18분52초	1783574332331]	정무던전 컨트롤러..
[2026-07-09 14시18분52초	1783574332341]	10ms

[2026-07-09 14시18분52초	1783574332342]	그신 컨트롤러..
[2026-07-09 14시18분52초	1783574332342]	0ms

[2026-07-09 14시18분52초	1783574332343]	라바던전 컨트롤러..
[2026-07-09 14시18분52초	1783574332343]	0ms

[2026-07-09 14시18분52초	1783574332343]	월드보스컨트롤러..
[2026-07-09 14시18분52초	1783574332343]	0ms

[2026-07-09 14시18분52초	1783574332344]	펭귄 사냥터 컨트롤러..
[2026-07-09 14시18분52초	1783574332344]	0ms

[2026-07-09 14시18분52초	1783574332344]	칠흑던전 컨트롤러..
[2026-07-09 14시18분52초	1783574332345]	칠흑던전3층 컨트롤러..
[2026-07-09 14시18분52초	1783574332345]	0ms

[2026-07-09 14시18분52초	1783574332346]	칠흑던전4층 컨트롤러..
[2026-07-09 14시18분52초	1783574332346]	0ms

[2026-07-09 14시18분52초	1783574332346]	악마왕의영토컨트롤러..
[2026-07-09 14시18분52초	1783574332346]	0ms

[2026-07-09 14시18분52초	1783574332347]	얼던컨트롤러..
[2026-07-09 14시18분52초	1783574332347]	0ms

[2026-07-09 14시18분52초	1783574332348]	오만1층 컨트롤러..
[2026-07-09 14시18분52초	1783574332348]	0ms

[2026-07-09 14시18분52초	1783574332349]	오만1층 컨트롤러..
[2026-07-09 14시18분52초	1783574332349]	0ms

[2026-07-09 14시18분52초	1783574332350]	오만3층 컨트롤러..
[2026-07-09 14시18분52초	1783574332350]	0ms

[2026-07-09 14시18분52초	1783574332350]	오만4층 컨트롤러..
[2026-07-09 14시18분52초	1783574332351]	1ms

[2026-07-09 14시18분52초	1783574332351]	오만5층 컨트롤러..
[2026-07-09 14시18분52초	1783574332351]	0ms

[2026-07-09 14시18분52초	1783574332352]	오만6층 컨트롤러..
[2026-07-09 14시18분52초	1783574332352]	0ms

[2026-07-09 14시18분52초	1783574332353]	오만7층 컨트롤러..
[2026-07-09 14시18분52초	1783574332353]	0ms

[2026-07-09 14시18분52초	1783574332354]	오만8층 컨트롤러..
[2026-07-09 14시18분52초	1783574332354]	0ms

[2026-07-09 14시18분52초	1783574332355]	오만9층 컨트롤러..
[2026-07-09 14시18분52초	1783574332355]	0ms

[2026-07-09 14시18분52초	1783574332355]	오만10층 컨트롤러..
[2026-07-09 14시18분52초	1783574332355]	0ms

[2026-07-09 14시18분52초	1783574332356]	오만정상 컨트롤러..
[2026-07-09 14시18분52초	1783574332356]	0ms

[2026-07-09 14시18분52초	1783574332357]	기감 컨트롤러..
[2026-07-09 14시18분52초	1783574332357]	0ms

[2026-07-09 14시18분52초	1783574332358]	고라스컨트롤러..
[2026-07-09 14시18분52초	1783574332358]	0ms

[2026-07-09 14시18분52초	1783574332359]	드워프컨트롤러..
[2026-07-09 14시18분52초	1783574332359]	0ms

[2026-07-09 14시18분52초	1783574332360]	타임이벤트컨트롤러..
[2026-07-09 14시18분52초	1783574332360]	0ms

[2026-07-09 14시18분52초	1783574332361]	AutoHuntController..
[2026-07-09 14시18분52초	1783574332361]	0ms

[2026-07-09 14시18분52초	1783574332375]	DatabaseConnection..
[2026-07-09 14시18분52초	1783574332711]	336ms

[2026-07-09 14시18분52초	1783574332726]	ServerDatabase..
[2026-07-09 14시18분52초	1783574332758]	32ms

[2026-07-09 14시18분52초	1783574332762]	SlimeRaceController..
[2026-07-09 14시18분52초	1783574332765]	3ms

[2026-07-09 14시18분52초	1783574332767]	DogRaceController..
[2026-07-09 14시18분52초	1783574332776]	9ms

[2026-07-09 14시18분52초	1783574332779]	ClanController..
[2026-07-09 14시18분52초	1783574332789]	10ms

[2026-07-09 14시18분52초	1783574332792]	KingdomController..
[2026-07-09 14시18분52초	1783574332807]	15ms

[2026-07-09 14시18분52초	1783574332812]	AgitController..
[2026-07-09 14시18분52초	1783574332821]	9ms

[2026-07-09 14시18분52초	1783574332822]	AuctionController..
[2026-07-09 14시18분52초	1783574332829]	7ms

[2026-07-09 14시18분52초	1783574332834]	ItemDatabase..
[2026-07-09 14시18분52초	1783574332987]	153ms

[2026-07-09 14시18분52초	1783574332988]	ItemSetopionDatabase..
[2026-07-09 14시18분52초	1783574332999]	11ms

[2026-07-09 14시18분53초	1783574333000]	AutosellDatabase..
[2026-07-09 14시18분53초	1783574333023]	23ms

[2026-07-09 14시18분53초	1783574333024]	ItemSkillDatabase..
[2026-07-09 14시18분53초	1783574333028]	4ms

[2026-07-09 14시18분53초	1783574333029]	ItemBundleDatabase..
[2026-07-09 14시18분53초	1783574333034]	5ms

[2026-07-09 14시18분53초	1783574333035]	ItemChanceBundleDatabase..
[2026-07-09 14시18분53초	1783574333041]	6ms

[2026-07-09 14시18분53초	1783574333042]	FishItemListDatabase..
[2026-07-09 14시18분53초	1783574333046]	3ms

[2026-07-09 14시18분53초	1783574333047]	ItemTeleport..
[2026-07-09 14시18분53초	1783574333050]	3ms

[2026-07-09 14시18분53초	1783574333052]	PolyDatabase..
[2026-07-09 14시18분53초	1783574333056]	4ms

[2026-07-09 14시18분53초	1783574333057]	DungeonDatabase..
[2026-07-09 14시18분53초	1783574333065]	8ms

[2026-07-09 14시18분53초	1783574333065]	DefiniteDatabase..
[2026-07-09 14시18분53초	1783574333070]	5ms

[2026-07-09 14시18분53초	1783574333071]	ExpDatabase..
[2026-07-09 14시18분53초	1783574333074]	3ms

[2026-07-09 14시18분53초	1783574333074]	BackgroundDatabase..
[2026-07-09 14시18분53초	1783574333204]	130ms

[2026-07-09 14시18분53초	1783574333204]	SpriteFrameDatabase..
[2026-07-09 14시18분53초	1783574333270]	66ms

[2026-07-09 14시18분53초	1783574333271]	SkillDatabase..
[2026-07-09 14시18분53초	1783574333284]	13ms

[2026-07-09 14시18분53초	1783574333286]	NpcDatabase..
[2026-07-09 14시18분53초	1783574333297]	11ms

[2026-07-09 14시18분53초	1783574333298]	NpcShopDatabase..
[2026-07-09 14시18분53초	1783574333363]	65ms

[2026-07-09 14시18분53초	1783574333364]	NpcTeleportDatabase..
[2026-07-09 14시18분53초	1783574333368]	4ms

[2026-07-09 14시18분53초	1783574333543]	NpcSpawnlistDatabase..
[2026-07-09 14시18분53초	1783574333590]	47ms

[2026-07-09 14시18분53초	1783574333592]	EventController..
[2026-07-09 14시18분53초	1783574333592]	0ms

[2026-07-09 14시18분53초	1783574333593]	MonsterDatabase..
[2026-07-09 14시18분53초	1783574333614]	21ms

[2026-07-09 14시18분53초	1783574333615]	MonsterDropDatabase..
[2026-07-09 14시18분53초	1783574333650]	35ms

[2026-07-09 14시18분53초	1783574333651]	MonsterSkillDatabase..
[2026-07-09 14시18분53초	1783574333665]	14ms

[2026-07-09 14시18분53초	1783574333666]	MonsterSpawnlistDatabase..
[2026-07-09 14시18분54초	1783574334588]	922ms

[2026-07-09 14시18분54초	1783574334589]	MonsterBossSpawnlistDatabase..
[2026-07-09 14시18분54초	1783574334593]	4ms

[2026-07-09 14시18분54초	1783574334593]	ServerDownBossListDatabase..
[2026-07-09 14시18분54초	1783574334594]	1ms

[2026-07-09 14시18분54초	1783574334595]	BadIpDatabase..
[2026-07-09 14시18분54초	1783574334599]	3ms

[2026-07-09 14시18분54초	1783574334599]	QuestController..
[2026-07-09 14시18분54초	1783574334600]	1ms

[2026-07-09 14시18분54초	1783574334600]	ServerOpcodesDatabase..
[2026-07-09 14시18분54초	1783574334606]	6ms

[2026-07-09 14시18분54초	1783574334606]	ServerNoticeDatabase..
[2026-07-09 14시18분54초	1783574334609]	3ms

[2026-07-09 14시18분54초	1783574334609]	RankController..
[2026-07-09 14시18분54초	1783574334631]	22ms

[2026-07-09 14시18분54초	1783574334632]	WantedController..
[2026-07-09 14시18분54초	1783574334637]	5ms

[2026-07-09 14시18분54초	1783574334638]	TeleportHomeDatabase..
[2026-07-09 14시18분54초	1783574334675]	37ms

[2026-07-09 14시18분54초	1783574334676]	TeleportResetDatabase..
[2026-07-09 14시18분54초	1783574334708]	32ms

[2026-07-09 14시18분54초	1783574334708]	ItemPinewandDatabase..
[2026-07-09 14시18분54초	1783574334712]	4ms

[2026-07-09 14시18분54초	1783574334712]	ItemMaplewandDatabase..
[2026-07-09 14시18분54초	1783574334715]	3ms

[2026-07-09 14시18분54초	1783574334716]	SummonListDatabase..
[2026-07-09 14시18분54초	1783574334718]	2ms

[2026-07-09 14시18분54초	1783574334719]	GmListDatabase..
[2026-07-09 14시18분54초	1783574334721]	2ms

[2026-07-09 14시18분54초	1783574334722]	MagicdollListDatabase..
[2026-07-09 14시18분54초	1783574334725]	3ms

[2026-07-09 14시18분54초	1783574334728]	PcMarketController..
[2026-07-09 14시18분54초	1783574334731]	3ms

[2026-07-09 14시18분54초	1783574334731]	ServerOptionDatabase..
[2026-07-09 14시18분54초	1783574334732]	1ms

[2026-07-09 14시18분54초	1783574334733]	TimeDungeonDatabase..
[2026-07-09 14시18분54초	1783574334734]	1ms

[2026-07-09 14시18분54초	1783574334734]	TeamBattleDatabase..
[2026-07-09 14시18분54초	1783574334736]	1ms

[2026-07-09 14시18분54초	1783574334736]	LifeLostItemDatabase..
[2026-07-09 14시18분54초	1783574334738]	2ms

[2026-07-09 14시18분54초	1783574334740]	GmTeleportDatabase..
[2026-07-09 14시18분54초	1783574334742]	2ms

[2026-07-09 14시18분54초	1783574334744]	무인혈맹컨트롤러..
[2026-07-09 14시18분54초	1783574334744]	0ms

[2026-07-09 14시18분54초	1783574334745]	HackNoCheckDatabase..
[2026-07-09 14시18분54초	1783574334746]	1ms

[2026-07-09 14시18분54초	1783574334747]	EnchantLostItemDatabase..
[2026-07-09 14시18분54초	1783574334754]	7ms

[2026-07-09 14시18분54초	1783574334755]	ItemDropMessageDatabase..
[2026-07-09 14시18분54초	1783574334758]	2ms

[2026-07-09 14시18분54초	1783574334760]	FishingController..
[2026-07-09 14시18분54초	1783574334843]	83ms

[2026-07-09 14시18분54초	1783574334855]	RobotController..
[2026-07-09 14시18분54초	1783574334882]	27ms

[2026-07-09 14시18분54초	1783574334884]	Server..
[2026-07-09 14시18분54초	1783574334954]	70ms

[2026-07-09 14시18분54초	1783574334954]	ServerThread..
[2026-07-09 14시18분54초	1783574334955]	0ms

[2026-07-09 14시18분54초	1783574334956]	ControllerTherad..
[2026-07-09 14시18분54초	1783574334956]	0ms

[2026-07-09 14시18분54초	1783574334957]	CharacterThread..
[2026-07-09 14시18분54초	1783574334957]	1ms

[2026-07-09 14시18분54초	1783574334958]	DatabaseThread..
[2026-07-09 14시18분54초	1783574334958]	0ms

[2026-07-09 14시18분54초	1783574334959]	CharacterControlThread..
[2026-07-09 14시18분54초	1783574334959]	0ms

[2026-07-09 14시18분54초	1783574334963]	FightController..
[2026-07-09 14시18분55초	1783574335013]	50ms

[2026-07-09 14시18분55초	1783574335014]	TimeThread..
[2026-07-09 14시18분55초	1783574335014]	0ms

[2026-07-09 14시18분55초	1783574335014]	AutoHuntThread..
[2026-07-09 14시18분55초	1783574335015]	1ms

[2026-07-09 14시18분55초	1783574335015]	======================================================================
[2026-07-09 14시18분55초	1783574335016]	Server Version  :  Lineage 2.0

[2026-07-09 14시18분55초	1783574335016]	Server Port      :  2000

[2026-07-09 14시18분55초	1783574335016]	계정 자동생성  :  on

[2026-07-09 14시18분55초	1783574335016]	인챈트 : 1.0배  ||  드랍 : 1.0배  ||  경험치 : 5.0배  ||  아데나 : 5.0배  ||  파티 : 1.1배

[2026-07-09 14시18분55초	1783574335016]	======================================================================
[2026-07-09 14시18분55초	1783574335016]	'서버' 가동되었습니다.

[2026-07-09 14시19분55초	1783574395258]	자동 저장완료 2026-07-09 14시19분55초
[2026-07-09 14시20분55초	1783574455482]	자동 저장완료 2026-07-09 14시20분55초
[2026-07-09 14시21분39초	1783574499379]	서버가 즉시 종료됩니다...
[2026-07-09 14시21분40초	1783574500379]	Thread close..
[2026-07-09 14시21분41초	1783574501380]	Save Database..
[2026-07-09 14시21분41초	1783574501980]	Socket close..
[2026-07-09 14시21분41초	1783574501980]	LineageServer Close...
[2026-07-09 14시21분41초	1783574501980]	0ms

[2026-07-09 14시21분41초	1783574501980]	ok..
