[2026-07-08 00시38분47초	1783438727869]	Mysql..
[2026-07-08 00시38분47초	1783438727869]	1ms

[2026-07-08 00시38분47초	1783438727890]	lineage.conf file loading...
[2026-07-08 00시38분47초	1783438727923]	33ms

[2026-07-08 00시38분47초	1783438727935]	Lineage_Balance..
[2026-07-08 00시38분47초	1783438727947]	11ms

[2026-07-08 00시38분47초	1783438727947]	npc_promotion..
[2026-07-08 00시38분47초	1783438727948]	1ms

[2026-07-08 00시38분47초	1783438727948]	Socket..
[2026-07-08 00시38분47초	1783438727949]	1ms

[2026-07-08 00시38분47초	1783438727949]	Common..
[2026-07-08 00시38분47초	1783438727949]	0ms

[2026-07-08 00시38분47초	1783438727950]	EventThread..
[2026-07-08 00시38분47초	1783438727950]	0ms

[2026-07-08 00시38분47초	1783438727951]	AiExecuteThread..
[2026-07-08 00시38분47초	1783438727951]	0ms

[2026-07-08 00시38분47초	1783438727952]	AiThread..
[2026-07-08 00시38분47초	1783438727952]	0ms

[2026-07-08 00시38분47초	1783438727961]	World..
[2026-07-08 00시38분48초	1783438728238]	277ms

[2026-07-08 00시38분48초	1783438728239]	BookController..
[2026-07-08 00시38분48초	1783438728239]	0ms

[2026-07-08 00시38분48초	1783438728240]	InventoryController..
[2026-07-08 00시38분48초	1783438728240]	0ms

[2026-07-08 00시38분48초	1783438728240]	BasePacketPooling..
[2026-07-08 00시38분48초	1783438728240]	0ms

[2026-07-08 00시38분48초	1783438728242]	SkillController..
[2026-07-08 00시38분48초	1783438728242]	0ms

[2026-07-08 00시38분48초	1783438728249]	DamageController..
[2026-07-08 00시38분48초	1783438728250]	1ms

[2026-07-08 00시38분48초	1783438728258]	CharacterController..
[2026-07-08 00시38분48초	1783438728258]	0ms

[2026-07-08 00시38분48초	1783438728259]	TradeController..
[2026-07-08 00시38분48초	1783438728259]	0ms

[2026-07-08 00시38분48초	1783438728259]	DungeonController..
[2026-07-08 00시38분48초	1783438728259]	0ms

[2026-07-08 00시38분48초	1783438728260]	ShipController..
[2026-07-08 00시38분48초	1783438728260]	0ms

[2026-07-08 00시38분48초	1783438728261]	BuffController..
[2026-07-08 00시38분48초	1783438728261]	0ms

[2026-07-08 00시38분48초	1783438728264]	SummonController..
[2026-07-08 00시38분48초	1783438728264]	0ms

[2026-07-08 00시38분48초	1783438728266]	PartyController..
[2026-07-08 00시38분48초	1783438728266]	0ms

[2026-07-08 00시38분48초	1783438728266]	InnController..
[2026-07-08 00시38분48초	1783438728266]	0ms

[2026-07-08 00시38분48초	1783438728268]	BoardController..
[2026-07-08 00시38분48초	1783438728268]	0ms

[2026-07-08 00시38분48초	1783438728269]	LetterController..
[2026-07-08 00시38분48초	1783438728270]	1ms

[2026-07-08 00시38분48초	1783438728271]	UserShopController..
[2026-07-08 00시38분48초	1783438728271]	0ms

[2026-07-08 00시38분48초	1783438728272]	ChattingController..
[2026-07-08 00시38분48초	1783438728273]	1ms

[2026-07-08 00시38분48초	1783438728275]	ColosseumController..
[2026-07-08 00시38분48초	1783438728275]	0ms

[2026-07-08 00시38분48초	1783438728276]	CraftController..
[2026-07-08 00시38분48초	1783438728276]	0ms

[2026-07-08 00시38분48초	1783438728277]	BossController..
[2026-07-08 00시38분48초	1783438728277]	0ms

[2026-07-08 00시38분48초	1783438728278]	NoticeController..
[2026-07-08 00시38분48초	1783438728279]	1ms

[2026-07-08 00시38분48초	1783438728279]	FriendController..
[2026-07-08 00시38분48초	1783438728279]	0ms

[2026-07-08 00시38분48초	1783438728280]	BugScanningController..
[2026-07-08 00시38분48초	1783438728280]	0ms

[2026-07-08 00시38분48초	1783438728281]	MagicDollController..
[2026-07-08 00시38분48초	1783438728281]	0ms

[2026-07-08 00시38분48초	1783438728282]	ShopController..
[2026-07-08 00시38분48초	1783438728282]	0ms

[2026-07-08 00시38분48초	1783438728283]	WarehouseDatabase..
[2026-07-08 00시38분48초	1783438728283]	0ms

[2026-07-08 00시38분48초	1783438728284]	PakTools..
[2026-07-08 00시38분48초	1783438728286]	2ms

[2026-07-08 00시38분48초	1783438728287]	ScriptController...
[2026-07-08 00시38분48초	1783438728297]	10ms

[2026-07-08 00시38분48초	1783438728298]	GiranClanLordController..
[2026-07-08 00시38분48초	1783438728298]	0ms

[2026-07-08 00시38분48초	1783438728300]	TeamBattleController..
[2026-07-08 00시38분48초	1783438728300]	0ms

[2026-07-08 00시38분48초	1783438728300]	WorldClearController..
[2026-07-08 00시38분48초	1783438728301]	1ms

[2026-07-08 00시38분48초	1783438728301]	SpotController..
[2026-07-08 00시38분48초	1783438728301]	0ms

[2026-07-08 00시38분48초	1783438728302]	테베라스 컨트롤러..
[2026-07-08 00시38분48초	1783438728302]	0ms

[2026-07-08 00시38분48초	1783438728303]	지옥 컨트롤러..
[2026-07-08 00시38분48초	1783438728303]	0ms

[2026-07-08 00시38분48초	1783438728303]	지하수로 컨트롤러..
[2026-07-08 00시38분48초	1783438728304]	0ms

[2026-07-08 00시38분48초	1783438728304]	보물찾기컨트롤러..
[2026-07-08 00시38분48초	1783438728304]	0ms

[2026-07-08 00시38분48초	1783438728306]	마족신전 컨트롤러..
[2026-07-08 00시38분48초	1783438728306]	0ms

[2026-07-08 00시38분48초	1783438728306]	고무 컨트롤러..
[2026-07-08 00시38분48초	1783438728307]	정무던전 컨트롤러..
[2026-07-08 00시38분48초	1783438728311]	4ms

[2026-07-08 00시38분48초	1783438728312]	그신 컨트롤러..
[2026-07-08 00시38분48초	1783438728312]	0ms

[2026-07-08 00시38분48초	1783438728314]	라바던전 컨트롤러..
[2026-07-08 00시38분48초	1783438728314]	0ms

[2026-07-08 00시38분48초	1783438728316]	월드보스컨트롤러..
[2026-07-08 00시38분48초	1783438728316]	0ms

[2026-07-08 00시38분48초	1783438728317]	펭귄 사냥터 컨트롤러..
[2026-07-08 00시38분48초	1783438728317]	0ms

[2026-07-08 00시38분48초	1783438728319]	칠흑던전 컨트롤러..
[2026-07-08 00시38분48초	1783438728320]	칠흑던전3층 컨트롤러..
[2026-07-08 00시38분48초	1783438728320]	0ms

[2026-07-08 00시38분48초	1783438728321]	칠흑던전4층 컨트롤러..
[2026-07-08 00시38분48초	1783438728321]	0ms

[2026-07-08 00시38분48초	1783438728322]	악마왕의영토컨트롤러..
[2026-07-08 00시38분48초	1783438728322]	0ms

[2026-07-08 00시38분48초	1783438728323]	얼던컨트롤러..
[2026-07-08 00시38분48초	1783438728323]	0ms

[2026-07-08 00시38분48초	1783438728324]	오만1층 컨트롤러..
[2026-07-08 00시38분48초	1783438728324]	0ms

[2026-07-08 00시38분48초	1783438728324]	오만1층 컨트롤러..
[2026-07-08 00시38분48초	1783438728324]	0ms

[2026-07-08 00시38분48초	1783438728325]	오만3층 컨트롤러..
[2026-07-08 00시38분48초	1783438728325]	0ms

[2026-07-08 00시38분48초	1783438728325]	오만4층 컨트롤러..
[2026-07-08 00시38분48초	1783438728325]	0ms

[2026-07-08 00시38분48초	1783438728326]	오만5층 컨트롤러..
[2026-07-08 00시38분48초	1783438728326]	0ms

[2026-07-08 00시38분48초	1783438728327]	오만6층 컨트롤러..
[2026-07-08 00시38분48초	1783438728327]	0ms

[2026-07-08 00시38분48초	1783438728328]	오만7층 컨트롤러..
[2026-07-08 00시38분48초	1783438728328]	0ms

[2026-07-08 00시38분48초	1783438728328]	오만8층 컨트롤러..
[2026-07-08 00시38분48초	1783438728328]	0ms

[2026-07-08 00시38분48초	1783438728329]	오만9층 컨트롤러..
[2026-07-08 00시38분48초	1783438728329]	0ms

[2026-07-08 00시38분48초	1783438728330]	오만10층 컨트롤러..
[2026-07-08 00시38분48초	1783438728330]	0ms

[2026-07-08 00시38분48초	1783438728330]	오만정상 컨트롤러..
[2026-07-08 00시38분48초	1783438728330]	0ms

[2026-07-08 00시38분48초	1783438728331]	기감 컨트롤러..
[2026-07-08 00시38분48초	1783438728331]	0ms

[2026-07-08 00시38분48초	1783438728332]	고라스컨트롤러..
[2026-07-08 00시38분48초	1783438728332]	0ms

[2026-07-08 00시38분48초	1783438728333]	드워프컨트롤러..
[2026-07-08 00시38분48초	1783438728333]	0ms

[2026-07-08 00시38분48초	1783438728333]	타임이벤트컨트롤러..
[2026-07-08 00시38분48초	1783438728333]	0ms

[2026-07-08 00시38분48초	1783438728334]	AutoHuntController..
[2026-07-08 00시38분48초	1783438728334]	0ms

[2026-07-08 00시38분48초	1783438728348]	DatabaseConnection..
[2026-07-08 00시38분48초	1783438728670]	322ms

[2026-07-08 00시38분48초	1783438728685]	ServerDatabase..
[2026-07-08 00시38분48초	1783438728724]	39ms

[2026-07-08 00시38분48초	1783438728727]	SlimeRaceController..
[2026-07-08 00시38분48초	1783438728731]	4ms

[2026-07-08 00시38분48초	1783438728733]	DogRaceController..
[2026-07-08 00시38분48초	1783438728735]	1ms

[2026-07-08 00시38분48초	1783438728737]	ClanController..
[2026-07-08 00시38분48초	1783438728745]	8ms

[2026-07-08 00시38분48초	1783438728747]	KingdomController..
[2026-07-08 00시38분48초	1783438728757]	10ms

[2026-07-08 00시38분48초	1783438728758]	AgitController..
[2026-07-08 00시38분48초	1783438728766]	8ms

[2026-07-08 00시38분48초	1783438728768]	AuctionController..
[2026-07-08 00시38분48초	1783438728775]	7ms

[2026-07-08 00시38분48초	1783438728779]	ItemDatabase..
[2026-07-08 00시38분48초	1783438728920]	141ms

[2026-07-08 00시38분48초	1783438728921]	ItemSetopionDatabase..
[2026-07-08 00시38분48초	1783438728926]	5ms

[2026-07-08 00시38분48초	1783438728927]	AutosellDatabase..
[2026-07-08 00시38분48초	1783438728955]	28ms

[2026-07-08 00시38분48초	1783438728956]	ItemSkillDatabase..
[2026-07-08 00시38분48초	1783438728962]	6ms

[2026-07-08 00시38분48초	1783438728963]	ItemBundleDatabase..
[2026-07-08 00시38분48초	1783438728969]	6ms

[2026-07-08 00시38분48초	1783438728970]	ItemChanceBundleDatabase..
[2026-07-08 00시38분48초	1783438728978]	8ms

[2026-07-08 00시38분48초	1783438728979]	FishItemListDatabase..
[2026-07-08 00시38분48초	1783438728982]	3ms

[2026-07-08 00시38분48초	1783438728983]	ItemTeleport..
[2026-07-08 00시38분48초	1783438728989]	6ms

[2026-07-08 00시38분48초	1783438728990]	PolyDatabase..
[2026-07-08 00시38분48초	1783438728994]	4ms

[2026-07-08 00시38분48초	1783438728995]	DungeonDatabase..
[2026-07-08 00시38분49초	1783438729004]	9ms

[2026-07-08 00시38분49초	1783438729005]	DefiniteDatabase..
[2026-07-08 00시38분49초	1783438729009]	4ms

[2026-07-08 00시38분49초	1783438729010]	ExpDatabase..
[2026-07-08 00시38분49초	1783438729013]	3ms

[2026-07-08 00시38분49초	1783438729013]	BackgroundDatabase..
[2026-07-08 00시38분49초	1783438729147]	134ms

[2026-07-08 00시38분49초	1783438729147]	SpriteFrameDatabase..
[2026-07-08 00시38분49초	1783438729207]	60ms

[2026-07-08 00시38분49초	1783438729208]	SkillDatabase..
[2026-07-08 00시38분49초	1783438729221]	13ms

[2026-07-08 00시38분49초	1783438729222]	NpcDatabase..
[2026-07-08 00시38분49초	1783438729233]	11ms

[2026-07-08 00시38분49초	1783438729234]	NpcShopDatabase..
[2026-07-08 00시38분49초	1783438729300]	66ms

[2026-07-08 00시38분49초	1783438729301]	NpcTeleportDatabase..
[2026-07-08 00시38분49초	1783438729306]	5ms

[2026-07-08 00시38분49초	1783438729452]	NpcSpawnlistDatabase..
[2026-07-08 00시38분49초	1783438729522]	70ms

[2026-07-08 00시38분49초	1783438729524]	EventController..
[2026-07-08 00시38분49초	1783438729524]	0ms

[2026-07-08 00시38분49초	1783438729526]	MonsterDatabase..
[2026-07-08 00시38분49초	1783438729544]	18ms

[2026-07-08 00시38분49초	1783438729545]	MonsterDropDatabase..
[2026-07-08 00시38분49초	1783438729576]	31ms

[2026-07-08 00시38분49초	1783438729577]	MonsterSkillDatabase..
[2026-07-08 00시38분49초	1783438729595]	18ms

[2026-07-08 00시38분49초	1783438729597]	MonsterSpawnlistDatabase..
[2026-07-08 00시38분50초	1783438730748]	1151ms

[2026-07-08 00시38분50초	1783438730749]	MonsterBossSpawnlistDatabase..
[2026-07-08 00시38분50초	1783438730758]	9ms

[2026-07-08 00시38분50초	1783438730760]	ServerDownBossListDatabase..
[2026-07-08 00시38분50초	1783438730764]	4ms

[2026-07-08 00시38분50초	1783438730766]	BadIpDatabase..
[2026-07-08 00시38분50초	1783438730773]	7ms

[2026-07-08 00시38분50초	1783438730773]	QuestController..
[2026-07-08 00시38분50초	1783438730777]	4ms

[2026-07-08 00시38분50초	1783438730778]	ServerOpcodesDatabase..
[2026-07-08 00시38분50초	1783438730788]	10ms

[2026-07-08 00시38분50초	1783438730788]	ServerNoticeDatabase..
[2026-07-08 00시38분50초	1783438730792]	4ms

[2026-07-08 00시38분50초	1783438730793]	RankController..
[2026-07-08 00시38분50초	1783438730823]	30ms

[2026-07-08 00시38분50초	1783438730824]	WantedController..
[2026-07-08 00시38분50초	1783438730828]	4ms

[2026-07-08 00시38분50초	1783438730828]	TeleportHomeDatabase..
[2026-07-08 00시38분50초	1783438730862]	34ms

[2026-07-08 00시38분50초	1783438730862]	TeleportResetDatabase..
[2026-07-08 00시38분50초	1783438730894]	32ms

[2026-07-08 00시38분50초	1783438730895]	ItemPinewandDatabase..
[2026-07-08 00시38분50초	1783438730898]	3ms

[2026-07-08 00시38분50초	1783438730898]	ItemMaplewandDatabase..
[2026-07-08 00시38분50초	1783438730901]	3ms

[2026-07-08 00시38분50초	1783438730902]	SummonListDatabase..
[2026-07-08 00시38분50초	1783438730904]	2ms

[2026-07-08 00시38분50초	1783438730905]	GmListDatabase..
[2026-07-08 00시38분50초	1783438730907]	2ms

[2026-07-08 00시38분50초	1783438730908]	MagicdollListDatabase..
[2026-07-08 00시38분50초	1783438730912]	4ms

[2026-07-08 00시38분50초	1783438730916]	PcMarketController..
[2026-07-08 00시38분50초	1783438730920]	4ms

[2026-07-08 00시38분50초	1783438730921]	ServerOptionDatabase..
[2026-07-08 00시38분50초	1783438730924]	3ms

[2026-07-08 00시38분50초	1783438730924]	TimeDungeonDatabase..
[2026-07-08 00시38분50초	1783438730927]	3ms

[2026-07-08 00시38분50초	1783438730928]	TeamBattleDatabase..
[2026-07-08 00시38분50초	1783438730931]	3ms

[2026-07-08 00시38분50초	1783438730932]	LifeLostItemDatabase..
[2026-07-08 00시38분50초	1783438730936]	4ms

[2026-07-08 00시38분50초	1783438730936]	GmTeleportDatabase..
[2026-07-08 00시38분50초	1783438730939]	3ms

[2026-07-08 00시38분50초	1783438730941]	무인혈맹컨트롤러..
[2026-07-08 00시38분50초	1783438730944]	3ms

[2026-07-08 00시38분50초	1783438730944]	HackNoCheckDatabase..
[2026-07-08 00시38분50초	1783438730947]	3ms

[2026-07-08 00시38분50초	1783438730948]	EnchantLostItemDatabase..
[2026-07-08 00시38분50초	1783438730969]	21ms

[2026-07-08 00시38분50초	1783438730970]	ItemDropMessageDatabase..
[2026-07-08 00시38분50초	1783438730973]	3ms

[2026-07-08 00시38분50초	1783438730974]	FishingController..
[2026-07-08 00시38분50초	1783438730990]	16ms

[2026-07-08 00시38분51초	1783438731011]	RobotController..
[2026-07-08 00시38분51초	1783438731049]	38ms

[2026-07-08 00시38분51초	1783438731052]	Server..
[2026-07-08 00시38분51초	1783438731129]	76ms

[2026-07-08 00시38분51초	1783438731129]	ServerThread..
[2026-07-08 00시38분51초	1783438731129]	0ms

[2026-07-08 00시38분51초	1783438731131]	ControllerTherad..
[2026-07-08 00시38분51초	1783438731131]	0ms

[2026-07-08 00시38분51초	1783438731132]	CharacterThread..
[2026-07-08 00시38분51초	1783438731132]	0ms

[2026-07-08 00시38분51초	1783438731133]	DatabaseThread..
[2026-07-08 00시38분51초	1783438731133]	0ms

[2026-07-08 00시38분51초	1783438731134]	CharacterControlThread..
[2026-07-08 00시38분51초	1783438731134]	0ms

[2026-07-08 00시38분51초	1783438731178]	FightController..
[2026-07-08 00시38분51초	1783438731199]	21ms

[2026-07-08 00시38분51초	1783438731200]	TimeThread..
[2026-07-08 00시38분51초	1783438731200]	0ms

[2026-07-08 00시38분51초	1783438731200]	AutoHuntThread..
[2026-07-08 00시38분51초	1783438731201]	1ms

[2026-07-08 00시38분51초	1783438731201]	======================================================================
[2026-07-08 00시38분51초	1783438731201]	Server Version  :  Lineage 2.0

[2026-07-08 00시38분51초	1783438731201]	Server Port      :  2000

[2026-07-08 00시38분51초	1783438731201]	계정 자동생성  :  on

[2026-07-08 00시38분51초	1783438731201]	인챈트 : 1.0배  ||  드랍 : 1.0배  ||  경험치 : 30.0배  ||  아데나 : 1.0배  ||  파티 : 1.1배

[2026-07-08 00시38분51초	1783438731201]	======================================================================
[2026-07-08 00시38분51초	1783438731201]	'서버' 가동되었습니다.

[2026-07-08 00시39분16초	1783438756124]	class lineage.database.CharactersDatabase : readCharacter(Client c, String name)

[2026-07-08 00시39분16초	1783438756124]	java.sql.SQLException: Column '마안천장_형상' not found.
[2026-07-08 00시39분22초	1783438762288]	class lineage.database.CharactersDatabase : saveCharacter(Connection con, PcInstance pc)

[2026-07-08 00시39분22초	1783438762288]	com.mysql.jdbc.exceptions.jdbc4.MySQLSyntaxErrorException: Unknown column '마안천장_형상' in 'field list'   캐릭: 메티스
[2026-07-08 00시39분22초	1783438762288]	now hp: 2142   max hp: 2138
[2026-07-08 00시39분51초	1783438791431]	자동 저장완료 2026-07-08 00시39분51초
[2026-07-08 00시40분19초	1783438819669]	서버가 즉시 종료됩니다...
[2026-07-08 00시40분20초	1783438820670]	Thread close..
[2026-07-08 00시40분21초	1783438821670]	Save Database..
[2026-07-08 00시40분22초	1783438822227]	Socket close..
[2026-07-08 00시40분22초	1783438822227]	LineageServer Close...
[2026-07-08 00시40분22초	1783438822227]	0ms

[2026-07-08 00시40분22초	1783438822227]	ok..
